Component: ARM Compiler 5.06 update 6 (build 750) Tool: armlink [4d35ed]

==============================================================================

Section Cross References

    main.o(.text) refers to system_gd32f1x0.o(.text) for SystemCoreClockUpdate
    main.o(.text) refers to setup.o(.text) for Watchdog_init
    main.o(.text) refers to gd32f1x0_gpio.o(.text) for gpio_bit_write
    main.o(.text) refers to gd32f1x0_fwdgt.o(.text) for fwdgt_counter_reload
    main.o(.text) refers to it.o(.text) for Delay
    main.o(.text) refers to system_gd32f1x0.o(.data) for SystemCoreClock
    bldc.o(.text) refers to fflt_clz.o(x$fpl$ffltu) for __aeabi_ui2f
    bldc.o(.text) refers to f2d.o(x$fpl$f2d) for __aeabi_f2d
    bldc.o(.text) refers to dmul.o(x$fpl$dmul) for __aeabi_dmul
    bldc.o(.text) refers to daddsub_clz.o(x$fpl$dadd) for __aeabi_dadd
    bldc.o(.text) refers to d2f.o(x$fpl$d2f) for __aeabi_d2f
    bldc.o(.text) refers to dflt_clz.o(x$fpl$dflt) for __aeabi_i2d
    bldc.o(.text) refers to dleqf.o(x$fpl$dleqf) for __aeabi_cdcmple
    bldc.o(.text) refers to frleqf.o(x$fpl$frleqf) for __aeabi_cfrcmple
    bldc.o(.text) refers to gd32f1x0_timer.o(.text) for timer_automatic_output_disable
    bldc.o(.text) refers to gd32f1x0_gpio.o(.text) for gpio_input_bit_get
    bldc.o(.text) refers to fflt_clz.o(x$fpl$fflt) for __aeabi_i2f
    bldc.o(.text) refers to ddiv.o(x$fpl$ddiv) for __aeabi_ddiv
    bldc.o(.text) refers to pid.o(.text) for updatePID
    bldc.o(.text) refers to bldc.o(i.blockPWM) for blockPWM
    bldc.o(.text) refers to bldc.o(.data) for bldc_enable
    bldc.o(.text) refers to it.o(.data) for timedOut
    bldc.o(.text) refers to bldc.o(.constdata) for hall_to_pos
    bldc.o(.text) refers to main.o(.data) for m_enc
    setup.o(.text) refers to gd32f1x0_misc.o(.text) for nvic_priority_group_set
    setup.o(.text) refers to gd32f1x0_rcu.o(.text) for rcu_flag_get
    setup.o(.text) refers to gd32f1x0_fwdgt.o(.text) for fwdgt_config
    setup.o(.text) refers to gd32f1x0_timer.o(.text) for timer_deinit
    setup.o(.text) refers to gd32f1x0_gpio.o(.text) for gpio_mode_set
    setup.o(.text) refers to setup.o(.bss) for timeoutTimer_paramter_struct
    setup.o(.text) refers to gd32f1x0_dma.o(.text) for dma_deinit
    setup.o(.text) refers to rt_memcpy_w.o(.text) for __aeabi_memcpy4
    setup.o(.text) refers to gd32f1x0_adc.o(.text) for adc_channel_length_config
    setup.o(.text) refers to gd32f1x0_usart.o(.text) for usart_baudrate_set
    setup.o(.text) refers to bldc.o(.data) for adc_buffer
    setup.o(.text) refers to setup.o(.data) for usartMasterSlave_rx_buf
    it.o(.text) refers to bldc.o(.text) for SetPWM
    it.o(.text) refers to commsmasterslave.o(.text) for SetUpperLEDMaster
    it.o(.text) refers to led.o(.text) for CalculateLEDProgram
    it.o(.text) refers to gd32f1x0_timer.o(.text) for timer_interrupt_flag_clear
    it.o(.text) refers to gd32f1x0_adc.o(.text) for adc_software_trigger_enable
    it.o(.text) refers to gd32f1x0_dma.o(.text) for dma_interrupt_flag_get
    it.o(.text) refers to commsbluetooth.o(.text) for UpdateUSARTBluetoothInput
    it.o(.text) refers to it.o(.data) for msTicks
    comms.o(.text) refers to gd32f1x0_usart.o(.text) for usart_data_transmit
    commsbluetooth.o(.text) refers to _printf_pad.o(.text) for _printf_pre_padding
    commsbluetooth.o(.text) refers to _printf_percent.o(.ARM.Collect$$_printf_percent$$00000000) for _printf_percent
    commsbluetooth.o(.text) refers to _printf_d.o(.ARM.Collect$$_printf_percent$$00000009) for _printf_d
    commsbluetooth.o(.text) refers to _printf_dec.o(.text) for _printf_int_dec
    commsbluetooth.o(.text) refers to noretval__2sprintf.o(.text) for __2sprintf
    commsbluetooth.o(.text) refers to comms.o(.text) for SendBuffer
    commsbluetooth.o(.text) refers to commsmasterslave.o(.text) for GetBatteryMaster
    commsbluetooth.o(.text) refers to fmul.o(x$fpl$fmul) for __aeabi_fmul
    commsbluetooth.o(.text) refers to ffix.o(x$fpl$ffix) for __aeabi_f2iz
    commsbluetooth.o(.text) refers to led.o(.text) for GetHSBHue
    commsbluetooth.o(.text) refers to bldc.o(.data) for currentDC
    commsbluetooth.o(.text) refers to it.o(.data) for hornCounter_ms
    commsbluetooth.o(.text) refers to setup.o(.data) for usartSteer_COM_rx_buf
    commsbluetooth.o(.text) refers to commsbluetooth.o(.data) for sUSARTBluetoothRecordBufferCounter
    commsbluetooth.o(.text) refers to commsbluetooth.o(.bss) for sUSARTBluetoothRecordBuffer
    commsmasterslave.o(.text) refers to fmul.o(x$fpl$fmul) for __aeabi_fmul
    commsmasterslave.o(.text) refers to ffix.o(x$fpl$ffix) for __aeabi_f2iz
    commsmasterslave.o(.text) refers to comms.o(.text) for CalcCRC
    commsmasterslave.o(.text) refers to fflt_clz.o(x$fpl$fflt) for __aeabi_i2f
    commsmasterslave.o(.text) refers to fdiv.o(x$fpl$fdiv) for __aeabi_fdiv
    commsmasterslave.o(.text) refers to gd32f1x0_usart.o(.text) for usart_deinit
[...]
    .ARM.Collect$$rtentry$$00000000          0x080001ee   Section        0  __rtentry.o(.ARM.Collect$$rtentry$$00000000)
    .ARM.Collect$$rtentry$$00000002          0x080001ee   Section        0  __rtentry2.o(.ARM.Collect$$rtentry$$00000002)
    .ARM.Collect$$rtentry$$00000004          0x080001ee   Section        6  __rtentry4.o(.ARM.Collect$$rtentry$$00000004)
    .ARM.Collect$$rtentry$$00000009          0x080001f4   Section        0  __rtentry2.o(.ARM.Collect$$rtentry$$00000009)
    .ARM.Collect$$rtentry$$0000000A          0x080001f4   Section        4  __rtentry2.o(.ARM.Collect$$rtentry$$0000000A)
    .ARM.Collect$$rtentry$$0000000C          0x080001f8   Section        0  __rtentry2.o(.ARM.Collect$$rtentry$$0000000C)
    .ARM.Collect$$rtentry$$0000000D          0x080001f8   Section        8  __rtentry2.o(.ARM.Collect$$rtentry$$0000000D)
    .ARM.Collect$$rtexit$$00000000           0x08000200   Section        2  rtexit.o(.ARM.Collect$$rtexit$$00000000)
    .ARM.Collect$$rtexit$$00000002           0x08000202   Section        0  rtexit2.o(.ARM.Collect$$rtexit$$00000002)
    .ARM.Collect$$rtexit$$00000003           0x08000202   Section        4  rtexit2.o(.ARM.Collect$$rtexit$$00000003)
    .ARM.Collect$$rtexit$$00000004           0x08000206   Section        6  rtexit2.o(.ARM.Collect$$rtexit$$00000004)
    .text                                    0x0800020c   Section        0  main.o(.text)
    .text                                    0x080002b0   Section        0  bldc.o(.text)
    .text                                    0x08000690   Section        0  setup.o(.text)
    .text                                    0x08000e5c   Section        0  it.o(.text)
    .text                                    0x08000f84   Section        0  comms.o(.text)
    .text                                    0x08000ff4   Section        0  commsbluetooth.o(.text)
    .text                                    0x08001314   Section        0  commsmasterslave.o(.text)
    .text                                    0x08001650   Section        0  led.o(.text)
    .text                                    0x08001a98   Section        0  pid.o(.text)
    .text                                    0x08001b98   Section        0  gd32f1x0_adc.o(.text)
    .text                                    0x0800221c   Section        0  gd32f1x0_dma.o(.text)
    .text                                    0x080026d0   Section        0  gd32f1x0_fwdgt.o(.text)
    .text                                    0x0800279c   Section        0  gd32f1x0_gpio.o(.text)
    .text                                    0x08002978   Section        0  gd32f1x0_misc.o(.text)
    .text                                    0x08002a9c   Section        0  gd32f1x0_rcu.o(.text)
    .text                                    0x08003344   Section        0  gd32f1x0_timer.o(.text)
    .text                                    0x08004070   Section        0  gd32f1x0_usart.o(.text)
    .text                                    0x080046c0   Section       64  startup_gd32f1x0.o(.text)
    .text                                    0x08004700   Section        0  system_gd32f1x0.o(.text)
    system_clock_72m_irc8m                   0x08004701   Thumb Code   106  system_gd32f1x0.o(.text)
    system_clock_config                      0x0800476b   Thumb Code     8  system_gd32f1x0.o(.text)
    .text                                    0x080048ec   Section        0  noretval__2sprintf.o(.text)
    .text                                    0x08004914   Section        0  _printf_pad.o(.text)
    .text                                    0x08004964   Section        0  _printf_dec.o(.text)
    .text                                    0x080049dc   Section        0  __printf_flags_wp.o(.text)
    .text                                    0x08004b14   Section      100  rt_memcpy_w.o(.text)
    .text                                    0x08004b78   Section        0  heapauxi.o(.text)
    .text                                    0x08004b7e   Section        0  _printf_intcommon.o(.text)
    .text                                    0x08004c30   Section        0  _printf_char_common.o(.text)
    _printf_input_char                       0x08004c31   Thumb Code    10  _printf_char_common.o(.text)
    .text                                    0x08004c60   Section        0  _sputc.o(.text)
    .text                                    0x08004c6a   Section       74  sys_stackheap_outer.o(.text)
    .text                                    0x08004cb4   Section        0  exit.o(.text)
    .text                                    0x08004cc8   Section        8  libspace.o(.text)
    .text                                    0x08004cd0   Section        0  sys_exit.o(.text)
    .text                                    0x08004cdc   Section        2  use_no_semi.o(.text)
    .text                                    0x08004cde   Section        0  indicate_semi.o(.text)
    i._is_digit                              0x08004cde   Section        0  __printf_wp.o(i._is_digit)
    i.blockPWM                               0x08004cec   Section        0  bldc.o(i.blockPWM)
    x$fpl$d2f                                0x08004d58   Section       98  d2f.o(x$fpl$d2f)
    x$fpl$dadd                               0x08004dbc   Section      336  daddsub_clz.o(x$fpl$dadd)
    _dadd1                                   0x08004dcd   Thumb Code     0  daddsub_clz.o(x$fpl$dadd)
    x$fpl$dcmpinf                            0x08004f0c   Section       24  dcmpi.o(x$fpl$dcmpinf)
    x$fpl$ddiv                               0x08004f24   Section      688  ddiv.o(x$fpl$ddiv)
    ddiv_entry                               0x08004f2b   Thumb Code     0  ddiv.o(x$fpl$ddiv)
    x$fpl$dflt                               0x080051d4   Section       46  dflt_clz.o(x$fpl$dflt)
    x$fpl$dleqf                              0x08005204   Section      120  dleqf.o(x$fpl$dleqf)
    x$fpl$dmul                               0x0800527c   Section      340  dmul.o(x$fpl$dmul)
    x$fpl$dnaninf                            0x080053d0   Section      156  dnaninf.o(x$fpl$dnaninf)
    x$fpl$dretinf                            0x0800546c   Section       12  dretinf.o(x$fpl$dretinf)
    x$fpl$dsub                               0x08005478   Section      468  daddsub_clz.o(x$fpl$dsub)
    _dsub1                                   0x08005489   Thumb Code     0  daddsub_clz.o(x$fpl$dsub)
    x$fpl$f2d                                0x0800564c   Section       86  f2d.o(x$fpl$f2d)
    x$fpl$fadd                               0x080056a4   Section      196  faddsub_clz.o(x$fpl$fadd)
    _fadd1                                   0x080056b3   Thumb Code     0  faddsub_clz.o(x$fpl$fadd)
    x$fpl$fcmpinf                            0x08005768   Section       24  fcmpi.o(x$fpl$fcmpinf)
    x$fpl$fdiv                               0x08005780   Section      388  fdiv.o(x$fpl$fdiv)
    _fdiv1                                   0x08005781   Thumb Code     0  fdiv.o(x$fpl$fdiv)
    x$fpl$feqf                               0x08005904   Section      104  feqf.o(x$fpl$feqf)
    x$fpl$ffix                               0x0800596c   Section       54  ffix.o(x$fpl$ffix)
    x$fpl$fflt                               0x080059a4   Section       48  fflt_clz.o(x$fpl$fflt)
    x$fpl$ffltu                              0x080059d4   Section       38  fflt_clz.o(x$fpl$ffltu)
    x$fpl$fleqf                              0x080059fc   Section      104  fleqf.o(x$fpl$fleqf)
    x$fpl$fmul                               0x08005a64   Section      258  fmul.o(x$fpl$fmul)
    x$fpl$fnaninf                            0x08005b66   Section      140  fnaninf.o(x$fpl$fnaninf)
    x$fpl$fretinf                            0x08005bf2   Section       10  fretinf.o(x$fpl$fretinf)
    x$fpl$frleqf                             0x08005bfc   Section       98  frleqf.o(x$fpl$frleqf)
    x$fpl$fsub                               0x08005c60   Section      234  faddsub_clz.o(x$fpl$fsub)
    _fsub1                                   0x08005c6f   Thumb Code     0  faddsub_clz.o(x$fpl$fsub)
    x$fpl$usenofp                            0x08005d4a   Section        0  usenofp.o(x$fpl$usenofp)
    .constdata                               0x08005d4c   Section      208  bldc.o(.constdata)
    increments                               0x08005d50   Data         196  bldc.o(.constdata)
    .constdata                               0x08005e1c   Section       17  __printf_flags_wp.o(.constdata)
    maptable                                 0x08005e1c   Data          17  __printf_flags_wp.o(.constdata)
    .data                                    0x20000000   Section        8  main.o(.data)
    .data                                    0x20000008   Section       52  bldc.o(.data)
    .data                                    0x2000003c   Section        2  setup.o(.data)
    .data                                    0x20000040   Section       16  it.o(.data)
    .data                                    0x20000050   Section        2  commsbluetooth.o(.data)
    sBluetoothRecord                         0x20000050   Data           1  commsbluetooth.o(.data)
    sUSARTBluetoothRecordBufferCounter       0x20000051   Data           1  commsbluetooth.o(.data)
    .data                                    0x20000052   Section       12  commsmasterslave.o(.data)
    sMasterSlaveRecord                       0x2000005c   Data           1  commsmasterslave.o(.data)
    sUSARTMasterSlaveRecordBufferCounter     0x2000005d   Data           1  commsmasterslave.o(.data)
    .data                                    0x2000005e   Section       89  led.o(.data)
    su8BrightnessTable                       0x2000005e   Data          64  led.o(.data)
    hueValue                                 0x200000a4   Data           2  led.o(.data)
    saturationValue                          0x200000a6   Data           1  led.o(.data)
    brightnessValue                          0x200000a7   Data           1  led.o(.data)
    sLEDProgram                              0x200000a8   Data           1  led.o(.data)
    speedFading                              0x200000aa   Data           2  led.o(.data)
    speedBlink                               0x200000ac   Data           2  led.o(.data)
    speedStrobe                              0x200000ae   Data           2  led.o(.data)
    fadingCounter                            0x200000b0   Data           2  led.o(.data)
    blinkCounter                             0x200000b2   Data           2  led.o(.data)
    strobeCounter                            0x200000b4   Data           2  led.o(.data)
    strobeToggle                             0x200000b6   Data           1  led.o(.data)
    .data                                    0x200000b8   Section       20  pid.o(.data)
    .data                                    0x200000cc   Section        4  system_gd32f1x0.o(.data)
    .bss                                     0x200000d0   Section      132  setup.o(.bss)
    .bss                                     0x20000154   Section       11  commsbluetooth.o(.bss)
    sUSARTBluetoothRecordBuffer              0x20000154   Data          11  commsbluetooth.o(.bss)
    .bss                                     0x2000015f   Section       10  commsmasterslave.o(.bss)
    sUSARTMasterSlaveRecordBuffer            0x2000015f   Data          10  commsmasterslave.o(.bss)
    .bss                                     0x2000016c   Section       96  libspace.o(.bss)
    HEAP                                     0x200001d0   Section     1024  startup_gd32f1x0.o(HEAP)
    Heap_Mem                                 0x200001d0   Data        1024  startup_gd32f1x0.o(HEAP)
    STACK                                    0x200005d0   Section     1024  startup_gd32f1x0.o(STACK)
    Stack_Mem                                0x200005d0   Data        1024  startup_gd32f1x0.o(STACK)
    __initial_sp                             0x200009d0   Data           0  startup_gd32f1x0.o(STACK)

    Global Symbols

    Symbol Name                              Value     Ov Type        Size  Object(Section)

    BuildAttributes$$THM_ISAv4$P$D$K$B$S$PE$A:L22UL41UL21$X:L11$S22US41US21$IEEE1$IW$USESV6$~STKCKD$USESV7$~SHL$OSPACE$ROPI$EBA8$UX$STANDARDLIB$REQ8$PRES8$EABIv2 0x00000000   Number         0  anon$$obj.o ABSOLUTE
    __ARM_use_no_argv                        0x00000000   Number         0  main.o ABSOLUTE
    _printf_flags                            0x00000000   Number         0  printf_stubs.o ABSOLUTE
    _printf_return_value                     0x00000000   Number         0  printf_stubs.o ABSOLUTE
    _printf_sizespec                         0x00000000   Number         0  printf_stubs.o ABSOLUTE
    _printf_widthprec                        0x00000000   Number         0  printf_stubs.o ABSOLUTE
    __ARM_exceptions_init                     - Undefined Weak Reference
    __alloca_initialize                       - Undefined Weak Reference
    __arm_preinit_                            - Undefined Weak Reference
    __cpp_initialize__aeabi_                  - Undefined Weak Reference
    __cxa_finalize                            - Undefined Weak Reference
    __rt_locale                               - Undefined Weak Reference
    __sigvec_lookup                           - Undefined Weak Reference
    _atexit_init                              - Undefined Weak Reference
    _call_atexit_fns                          - Undefined Weak Reference
    _clock_init                               - Undefined Weak Reference
    _fp_trap_init                             - Undefined Weak Reference
    _fp_trap_shutdown                         - Undefined Weak Reference
    _get_lc_collate                           - Undefined Weak Reference
    _get_lc_ctype                             - Undefined Weak Reference
    _get_lc_monetary                          - Undefined Weak Reference
    _get_lc_numeric                           - Undefined Weak Reference
    _get_lc_time                              - Undefined Weak Reference
    _getenv_init                              - Undefined Weak Reference
    _handle_redirection                       - Undefined Weak Reference
    _init_alloc                               - Undefined Weak Reference
    _init_user_alloc                          - Undefined Weak Reference
    _initio                                   - Undefined Weak Reference
    _printf_truncate_signed                   - Undefined Weak Reference
    _printf_truncate_unsigned                 - Undefined Weak Reference
    _rand_init                                - Undefined Weak Reference
    _signal_finish                            - Undefined Weak Reference
    _signal_init                              - Undefined Weak Reference
    _terminate_alloc                          - Undefined Weak Reference
    _terminate_user_alloc                     - Undefined Weak Reference
    _terminateio                              - Undefined Weak Reference
    __Vectors_Size                           0x00000168   Number         0  startup_gd32f1x0.o ABSOLUTE
    __Vectors                                0x08000000   Data           4  startup_gd32f1x0.o(RESET)
    __Vectors_End                            0x08000168   Data           0  startup_gd32f1x0.o(RESET)
    __main                                   0x08000169   Thumb Code     8  __main.o(!!!main)
    __scatterload                            0x08000171   Thumb Code     0  __scatter.o(!!!scatter)
    __scatterload_rt2                        0x08000171   Thumb Code    44  __scatter.o(!!!scatter)
    __scatterload_rt2_thumb_only             0x08000171   Thumb Code     0  __scatter.o(!!!scatter)
    __scatterload_null                       0x0800017f   Thumb Code     0  __scatter.o(!!!scatter)
    __scatterload_copy                       0x080001a5   Thumb Code    26  __scatter_copy.o(!!handler_copy)
    __scatterload_zeroinit                   0x080001c1   Thumb Code    28  __scatter_zi.o(!!handler_zi)
    _printf_d                                0x080001dd   Thumb Code     0  _printf_d.o(.ARM.Collect$$_printf_percent$$00000009)
    _printf_percent                          0x080001dd   Thumb Code     0  _printf_percent.o(.ARM.Collect$$_printf_percent$$00000000)
    _printf_percent_end                      0x080001e3   Thumb Code     0  _printf_percent_end.o(.ARM.Collect$$_printf_percent$$00000017)
    __rt_lib_init                            0x080001e7   Thumb Code     0  libinit.o(.ARM.Collect$$libinit$$00000000)
    __rt_lib_init_alloca_1                   0x080001e9   Thumb Code     0  libinit2.o(.ARM.Collect$$libinit$$0000002E)
    __rt_lib_init_argv_1                     0x080001e9   Thumb Code     0  libinit2.o(.ARM.Collect$$libinit$$0000002C)
    __rt_lib_init_atexit_1                   0x080001e9   Thumb Code     0  libinit2.o(.ARM.Collect$$libinit$$0000001B)
    __rt_lib_init_clock_1                    0x080001e9   Thumb Code     0  libinit2.o(.ARM.Collect$$libinit$$00000021)
    __rt_lib_init_cpp_1                      0x080001e9   Thumb Code     0  libinit2.o(.ARM.Collect$$libinit$$00000032)
    __rt_lib_init_exceptions_1               0x080001e9   Thumb Code     0  libinit2.o(.ARM.Collect$$libinit$$00000030)
    __rt_lib_init_fp_1                       0x080001e9   Thumb Code     0  libinit2.o(.ARM.Collect$$libinit$$00000002)
    __rt_lib_init_fp_trap_1                  0x080001e9   Thumb Code     0  libinit2.o(.ARM.Collect$$libinit$$0000001F)
    __rt_lib_init_getenv_1                   0x080001e9   Thumb Code     0  libinit2.o(.ARM.Collect$$libinit$$00000023)
    __rt_lib_init_heap_1                     0x080001e9   Thumb Code     0  libinit2.o(.ARM.Collect$$libinit$$0000000A)
    __rt_lib_init_lc_collate_1               0x080001e9   Thumb Code     0  libinit2.o(.ARM.Collect$$libinit$$00000011)
    __rt_lib_init_lc_ctype_1                 0x080001e9   Thumb Code     0  libinit2.o(.ARM.Collect$$libinit$$00000013)
    __rt_lib_init_lc_monetary_1              0x080001e9   Thumb Code     0  libinit2.o(.ARM.Collect$$libinit$$00000015)
    __rt_lib_init_lc_numeric_1               0x080001e9   Thumb Code     0  libinit2.o(.ARM.Collect$$libinit$$00000017)
    __rt_lib_init_lc_time_1                  0x080001e9   Thumb Code     0  libinit2.o(.ARM.Collect$$libinit$$00000019)
    __rt_lib_init_preinit_1                  0x080001e9   Thumb Code     0  libinit2.o(.ARM.Collect$$libinit$$00000004)
    __rt_lib_init_rand_1                     0x080001e9   Thumb Code     0  libinit2.o(.ARM.Collect$$libinit$$0000000E)
    __rt_lib_init_return                     0x080001e9   Thumb Code     0  libinit2.o(.ARM.Collect$$libinit$$00000033)
    __rt_lib_init_signal_1                   0x080001e9   Thumb Code     0  libinit2.o(.ARM.Collect$$libinit$$0000001D)
    __rt_lib_init_stdio_1                    0x080001e9   Thumb Code     0  libinit2.o(.ARM.Collect$$libinit$$00000025)
    __rt_lib_init_user_alloc_1               0x080001e9   Thumb Code     0  libinit2.o(.ARM.Collect$$libinit$$0000000C)
    __rt_lib_shutdown                        0x080001eb   Thumb Code     0  libshutdown.o(.ARM.Collect$$libshutdown$$00000000)
    __rt_lib_shutdown_cpp_1                  0x080001ed   Thumb Code     0  libshutdown2.o(.ARM.Collect$$libshutdown$$00000002)
    __rt_lib_shutdown_fp_trap_1              0x080001ed   Thumb Code     0  libshutdown2.o(.ARM.Collect$$libshutdown$$00000007)
    __rt_lib_shutdown_heap_1                 0x080001ed   Thumb Code     0  libshutdown2.o(.ARM.Collect$$libshutdown$$0000000F)
    __rt_lib_shutdown_return                 0x080001ed   Thumb Code     0  libshutdown2.o(.ARM.Collect$$libshutdown$$00000010)
    __rt_lib_shutdown_signal_1               0x080001ed   Thumb Code     0  libshutdown2.o(.ARM.Collect$$libshutdown$$0000000A)
    __rt_lib_shutdown_stdio_1                0x080001ed   Thumb Code     0  libshutdown2.o(.ARM.Collect$$libshutdown$$00000004)
    __rt_lib_shutdown_user_alloc_1           0x080001ed   Thumb Code     0  libshutdown2.o(.ARM.Collect$$libshutdown$$0000000C)
    __rt_entry                               0x080001ef   Thumb Code     0  __rtentry.o(.ARM.Collect$$rtentry$$00000000)
    __rt_entry_presh_1                       0x080001ef   Thumb Code     0  __rtentry2.o(.ARM.Collect$$rtentry$$00000002)
    __rt_entry_sh                            0x080001ef   Thumb Code     0  __rtentry4.o(.ARM.Collect$$rtentry$$00000004)
    __rt_entry_li                            0x080001f5   Thumb Code     0  __rtentry2.o(.ARM.Collect$$rtentry$$0000000A)
    __rt_entry_postsh_1                      0x080001f5   Thumb Code     0  __rtentry2.o(.ARM.Collect$$rtentry$$00000009)
    __rt_entry_main                          0x080001f9   Thumb Code     0  __rtentry2.o(.ARM.Collect$$rtentry$$0000000D)
    __rt_entry_postli_1                      0x080001f9   Thumb Code     0  __rtentry2.o(.ARM.Collect$$rtentry$$0000000C)
    __rt_exit                                0x08000201   Thumb Code     0  rtexit.o(.ARM.Collect$$rtexit$$00000000)
    __rt_exit_ls                             0x08000203   Thumb Code     0  rtexit2.o(.ARM.Collect$$rtexit$$00000003)
    __rt_exit_prels_1                        0x08000203   Thumb Code     0  rtexit2.o(.ARM.Collect$$rtexit$$00000002)
    __rt_exit_exit                           0x08000207   Thumb Code     0  rtexit2.o(.ARM.Collect$$rtexit$$00000004)
    main                                     0x0800020d   Thumb Code   146  main.o(.text)
    SetEnable                                0x080002b1   Thumb Code     6  bldc.o(.text)
    SetPWM                                   0x080002b7   Thumb Code    30  bldc.o(.text)
    CalculateBLDC                            0x080002d5   Thumb Code   800  bldc.o(.text)
    Interrupt_init                           0x08000691   Thumb Code    12  setup.o(.text)
    Watchdog_init                            0x0800069d   Thumb Code    54  setup.o(.text)
    TimeoutTimer_init                        0x080006d3   Thumb Code    80  setup.o(.text)
    GPIO_init                                0x08000723   Thumb Code   782  setup.o(.text)
    PWM_init                                 0x08000a31   Thumb Code   386  setup.o(.text)
    ADC_init                                 0x08000bb3   Thumb Code   226  setup.o(.text)
    USART_MasterSlave_init                   0x08000c95   Thumb Code   206  setup.o(.text)
    USART_Steer_COM_init                     0x08000d63   Thumb Code   206  setup.o(.text)
    SysTick_Handler                          0x08000e5d   Thumb Code    12  it.o(.text)
    ResetTimeout                             0x08000e69   Thumb Code     8  it.o(.text)
    TIMER13_IRQHandler                       0x08000e71   Thumb Code   100  it.o(.text)
    TIMER0_BRK_UP_TRG_COM_IRQHandler         0x08000ed5   Thumb Code    18  it.o(.text)
    DMA_Channel0_IRQHandler                  0x08000ee7   Thumb Code    30  it.o(.text)
    DMA_Channel1_2_IRQHandler                0x08000f05   Thumb Code    26  it.o(.text)
    DMA_Channel3_4_IRQHandler                0x08000f1f   Thumb Code    26  it.o(.text)
    millis                                   0x08000f39   Thumb Code     6  it.o(.text)
    Delay                                    0x08000f3f   Thumb Code    20  it.o(.text)
    NMI_Handler                              0x08000f53   Thumb Code     2  it.o(.text)
    HardFault_Handler                        0x08000f55   Thumb Code     4  it.o(.text)
    MemManage_Handler                        0x08000f59   Thumb Code     4  it.o(.text)
    BusFault_Handler                         0x08000f5d   Thumb Code     4  it.o(.text)
    UsageFault_Handler                       0x08000f61   Thumb Code     4  it.o(.text)
    SVC_Handler                              0x08000f65   Thumb Code     2  it.o(.text)
    DebugMon_Handler                         0x08000f67   Thumb Code     2  it.o(.text)
    PendSV_Handler                           0x08000f69   Thumb Code     2  it.o(.text)
    SendBuffer                               0x08000f85   Thumb Code    50  comms.o(.text)
    CalcCRC                                  0x08000fb7   Thumb Code    62  comms.o(.text)
    SendBluetoothDevice                      0x08000ff5   Thumb Code   158  commsbluetooth.o(.text)
    CheckUSARTBluetoothInput                 0x08001093   Thumb Code   518  commsbluetooth.o(.text)
    UpdateUSARTBluetoothInput                0x08001299   Thumb Code    70  commsbluetooth.o(.text)
    SendMaster                               0x08001315   Thumb Code   262  commsmasterslave.o(.text)
    CheckGeneralValue                        0x0800141b   Thumb Code   104  commsmasterslave.o(.text)
    CheckUSARTMasterSlaveInput               0x08001483   Thumb Code   236  commsmasterslave.o(.text)
    UpdateUSARTMasterSlaveInput              0x0800156f   Thumb Code    70  commsmasterslave.o(.text)
    GetCurrentDCMaster                       0x080015b5   Thumb Code     8  commsmasterslave.o(.text)
    GetBatteryMaster                         0x080015bd   Thumb Code     8  commsmasterslave.o(.text)
    GetRealSpeedMaster                       0x080015c5   Thumb Code     8  commsmasterslave.o(.text)
    SetUpperLEDMaster                        0x080015cd   Thumb Code     6  commsmasterslave.o(.text)
    GetUpperLEDMaster                        0x080015d3   Thumb Code     6  commsmasterslave.o(.text)
    SetLowerLEDMaster                        0x080015d9   Thumb Code     6  commsmasterslave.o(.text)
    GetLowerLEDMaster                        0x080015df   Thumb Code     6  commsmasterslave.o(.text)
    SetMosfetOutMaster                       0x080015e5   Thumb Code     6  commsmasterslave.o(.text)
    GetMosfetOutMaster                       0x080015eb   Thumb Code     6  commsmasterslave.o(.text)
    SetBeepsBackwardsMaster                  0x080015f1   Thumb Code     6  commsmasterslave.o(.text)
    GetBeepsBackwardsMaster                  0x080015f7   Thumb Code     6  commsmasterslave.o(.text)
    CalculateLEDPWM                          0x08001651   Thumb Code   124  led.o(.text)
    HSBtoBlue                                0x080016cd   Thumb Code    72  led.o(.text)
    HSBtoGreen                               0x08001715   Thumb Code    72  led.o(.text)
    HSBtoRed                                 0x0800175d   Thumb Code    74  led.o(.text)
    SetHSBBrightness                         0x080017a7   Thumb Code    94  led.o(.text)
    GetSpeedStrobe                           0x08001805   Thumb Code     6  led.o(.text)
    GetRGBProgram                            0x0800180b   Thumb Code     6  led.o(.text)
    GetHSBHue                                0x08001811   Thumb Code     6  led.o(.text)
    SetHSBHue                                0x08001817   Thumb Code   100  led.o(.text)
    GetSpeedBlink                            0x0800187b   Thumb Code     6  led.o(.text)
    GetSpeedFading                           0x08001881   Thumb Code     6  led.o(.text)
    CalculateLEDProgram                      0x08001887   Thumb Code   172  led.o(.text)
    SetHSBSaturation                         0x08001933   Thumb Code    96  led.o(.text)
    SetRGBProgram                            0x08001993   Thumb Code    82  led.o(.text)
    GetHSBSaturation                         0x080019e5   Thumb Code     6  led.o(.text)
    GetHSBBrightness                         0x080019eb   Thumb Code     6  led.o(.text)
    SetSpeedFading                           0x080019f1   Thumb Code    28  led.o(.text)
    SetSpeedBlink                            0x08001a0d   Thumb Code   108  led.o(.text)
    SetSpeedStrobe                           0x08001a79   Thumb Code    28  led.o(.text)
    updatePID                                0x08001a99   Thumb Code   224  pid.o(.text)
    adc_deinit                               0x08001b99   Thumb Code    20  gd32f1x0_adc.o(.text)
    adc_enable                               0x08001bad   Thumb Code    24  gd32f1x0_adc.o(.text)
    adc_disable                              0x08001bc5   Thumb Code    14  gd32f1x0_adc.o(.text)
    adc_calibration_enable                   0x08001bd3   Thumb Code    54  gd32f1x0_adc.o(.text)
    adc_dma_mode_enable                      0x08001c09   Thumb Code    14  gd32f1x0_adc.o(.text)
    adc_dma_mode_disable                     0x08001c17   Thumb Code    14  gd32f1x0_adc.o(.text)
    adc_tempsensor_vrefint_enable            0x08001c25   Thumb Code    14  gd32f1x0_adc.o(.text)
    adc_tempsensor_vrefint_disable           0x08001c33   Thumb Code    14  gd32f1x0_adc.o(.text)
    adc_vbat_enable                          0x08001c41   Thumb Code    14  gd32f1x0_adc.o(.text)
    adc_vbat_disable                         0x08001c4f   Thumb Code    14  gd32f1x0_adc.o(.text)
    adc_discontinuous_mode_config            0x08001c5d   Thumb Code    94  gd32f1x0_adc.o(.text)
    adc_special_function_config              0x08001cbb   Thumb Code   130  gd32f1x0_adc.o(.text)
    adc_data_alignment_config                0x08001d3d   Thumb Code    30  gd32f1x0_adc.o(.text)
    adc_channel_length_config                0x08001d5b   Thumb Code    88  gd32f1x0_adc.o(.text)
    adc_regular_channel_config               0x08001db3   Thumb Code   218  gd32f1x0_adc.o(.text)
    adc_inserted_channel_config              0x08001e8d   Thumb Code   146  gd32f1x0_adc.o(.text)
    adc_inserted_channel_offset_config       0x08001f1f   Thumb Code    42  gd32f1x0_adc.o(.text)
    adc_external_trigger_config              0x08001f49   Thumb Code    88  gd32f1x0_adc.o(.text)
    adc_external_trigger_source_config       0x08001fa1   Thumb Code    60  gd32f1x0_adc.o(.text)
    adc_software_trigger_enable              0x08001fdd   Thumb Code    38  gd32f1x0_adc.o(.text)
    adc_regular_data_read                    0x08002003   Thumb Code    10  gd32f1x0_adc.o(.text)
    adc_inserted_data_read                   0x0800200d   Thumb Code    60  gd32f1x0_adc.o(.text)
    adc_flag_get                             0x08002049   Thumb Code    18  gd32f1x0_adc.o(.text)
    adc_flag_clear                           0x0800205b   Thumb Code    16  gd32f1x0_adc.o(.text)
    adc_interrupt_flag_get                   0x0800206b   Thumb Code   108  gd32f1x0_adc.o(.text)
    adc_interrupt_flag_clear                 0x080020d7   Thumb Code    16  gd32f1x0_adc.o(.text)
    adc_interrupt_enable                     0x080020e7   Thumb Code    68  gd32f1x0_adc.o(.text)
    adc_interrupt_disable                    0x0800212b   Thumb Code    68  gd32f1x0_adc.o(.text)
    adc_watchdog_single_channel_enable       0x0800216f   Thumb Code    40  gd32f1x0_adc.o(.text)
    adc_watchdog_group_channel_enable        0x08002197   Thumb Code    92  gd32f1x0_adc.o(.text)
    adc_watchdog_disable                     0x080021f3   Thumb Code    18  gd32f1x0_adc.o(.text)
    adc_watchdog_threshold_config            0x08002205   Thumb Code    12  gd32f1x0_adc.o(.text)
    dma_deinit                               0x0800221d   Thumb Code    88  gd32f1x0_dma.o(.text)
    dma_init                                 0x08002275   Thumb Code   270  gd32f1x0_dma.o(.text)
    dma_circulation_enable                   0x08002383   Thumb Code    30  gd32f1x0_dma.o(.text)
    dma_circulation_disable                  0x080023a1   Thumb Code    30  gd32f1x0_dma.o(.text)
    dma_memory_to_memory_enable              0x080023bf   Thumb Code    30  gd32f1x0_dma.o(.text)
    dma_memory_to_memory_disable             0x080023dd   Thumb Code    30  gd32f1x0_dma.o(.text)
    dma_channel_enable                       0x080023fb   Thumb Code    30  gd32f1x0_dma.o(.text)
    dma_channel_disable                      0x08002419   Thumb Code    30  gd32f1x0_dma.o(.text)
    dma_periph_address_config                0x08002437   Thumb Code    14  gd32f1x0_dma.o(.text)
    dma_memory_address_config                0x08002445   Thumb Code    14  gd32f1x0_dma.o(.text)
    dma_transfer_number_config               0x08002453   Thumb Code    14  gd32f1x0_dma.o(.text)
    dma_transfer_number_get                  0x08002461   Thumb Code    16  gd32f1x0_dma.o(.text)
    dma_priority_config                      0x08002471   Thumb Code    34  gd32f1x0_dma.o(.text)
    dma_memory_width_config                  0x08002493   Thumb Code    34  gd32f1x0_dma.o(.text)
    dma_periph_width_config                  0x080024b5   Thumb Code    34  gd32f1x0_dma.o(.text)
    dma_memory_increase_enable               0x080024d7   Thumb Code    30  gd32f1x0_dma.o(.text)
    dma_memory_increase_disable              0x080024f5   Thumb Code    30  gd32f1x0_dma.o(.text)
    dma_periph_increase_enable               0x08002513   Thumb Code    30  gd32f1x0_dma.o(.text)
    dma_periph_increase_disable              0x08002531   Thumb Code    30  gd32f1x0_dma.o(.text)
    dma_transfer_direction_config            0x0800254f   Thumb Code    64  gd32f1x0_dma.o(.text)
    dma_interrupt_flag_get                   0x0800258f   Thumb Code   196  gd32f1x0_dma.o(.text)
    dma_interrupt_flag_clear                 0x08002653   Thumb Code    18  gd32f1x0_dma.o(.text)
    dma_interrupt_enable                     0x08002665   Thumb Code    30  gd32f1x0_dma.o(.text)
    dma_interrupt_disable                    0x08002683   Thumb Code    30  gd32f1x0_dma.o(.text)
    dma_flag_get                             0x080026a1   Thumb Code    26  gd32f1x0_dma.o(.text)
    dma_flag_clear                           0x080026bb   Thumb Code    18  gd32f1x0_dma.o(.text)
    fwdgt_write_disable                      0x080026d1   Thumb Code     8  gd32f1x0_fwdgt.o(.text)
    fwdgt_counter_reload                     0x080026d9   Thumb Code    10  gd32f1x0_fwdgt.o(.text)
    fwdgt_enable                             0x080026e3   Thumb Code    10  gd32f1x0_fwdgt.o(.text)
    fwdgt_window_value_config                0x080026ed   Thumb Code    54  gd32f1x0_fwdgt.o(.text)
    fwdgt_config                             0x08002723   Thumb Code    94  gd32f1x0_fwdgt.o(.text)
    fwdgt_flag_get                           0x08002781   Thumb Code    18  gd32f1x0_fwdgt.o(.text)
    gpio_deinit                              0x0800279d   Thumb Code   140  gd32f1x0_gpio.o(.text)
    gpio_mode_set                            0x08002829   Thumb Code    78  gd32f1x0_gpio.o(.text)
    gpio_output_options_set                  0x08002877   Thumb Code    66  gd32f1x0_gpio.o(.text)
    gpio_bit_set                             0x080028b9   Thumb Code     4  gd32f1x0_gpio.o(.text)
    gpio_bit_reset                           0x080028bd   Thumb Code     4  gd32f1x0_gpio.o(.text)
    gpio_bit_write                           0x080028c1   Thumb Code    10  gd32f1x0_gpio.o(.text)
    gpio_port_write                          0x080028cb   Thumb Code     4  gd32f1x0_gpio.o(.text)
    gpio_input_bit_get                       0x080028cf   Thumb Code    16  gd32f1x0_gpio.o(.text)
    gpio_input_port_get                      0x080028df   Thumb Code     8  gd32f1x0_gpio.o(.text)
    gpio_output_bit_get                      0x080028e7   Thumb Code    16  gd32f1x0_gpio.o(.text)
    gpio_output_port_get                     0x080028f7   Thumb Code     8  gd32f1x0_gpio.o(.text)
    gpio_af_set                              0x080028ff   Thumb Code    94  gd32f1x0_gpio.o(.text)
    gpio_pin_lock                            0x0800295d   Thumb Code    18  gd32f1x0_gpio.o(.text)
    nvic_priority_group_set                  0x08002979   Thumb Code    10  gd32f1x0_misc.o(.text)
    nvic_irq_enable                          0x08002983   Thumb Code   156  gd32f1x0_misc.o(.text)
    nvic_irq_disable                         0x08002a1f   Thumb Code    18  gd32f1x0_misc.o(.text)
    nvic_vector_table_set                    0x08002a31   Thumb Code    14  gd32f1x0_misc.o(.text)
    system_lowpower_set                      0x08002a3f   Thumb Code    16  gd32f1x0_misc.o(.text)
    system_lowpower_reset                    0x08002a4f   Thumb Code    16  gd32f1x0_misc.o(.text)
    systick_clksource_set                    0x08002a5f   Thumb Code    40  gd32f1x0_misc.o(.text)
    rcu_deinit                               0x08002a9d   Thumb Code   112  gd32f1x0_rcu.o(.text)
    rcu_periph_clock_enable                  0x08002b0d   Thumb Code    28  gd32f1x0_rcu.o(.text)
    rcu_periph_clock_disable                 0x08002b29   Thumb Code    28  gd32f1x0_rcu.o(.text)
    rcu_periph_clock_sleep_enable            0x08002b45   Thumb Code    28  gd32f1x0_rcu.o(.text)
    rcu_periph_clock_sleep_disable           0x08002b61   Thumb Code    28  gd32f1x0_rcu.o(.text)
    rcu_periph_reset_enable                  0x08002b7d   Thumb Code    28  gd32f1x0_rcu.o(.text)
    rcu_periph_reset_disable                 0x08002b99   Thumb Code    28  gd32f1x0_rcu.o(.text)
    rcu_bkp_reset_enable                     0x08002bb5   Thumb Code    14  gd32f1x0_rcu.o(.text)
    rcu_bkp_reset_disable                    0x08002bc3   Thumb Code    14  gd32f1x0_rcu.o(.text)
    rcu_system_clock_source_config           0x08002bd1   Thumb Code    22  gd32f1x0_rcu.o(.text)
    rcu_system_clock_source_get              0x08002be7   Thumb Code    10  gd32f1x0_rcu.o(.text)
    rcu_ahb_clock_config                     0x08002bf1   Thumb Code    22  gd32f1x0_rcu.o(.text)
    rcu_apb1_clock_config                    0x08002c07   Thumb Code    22  gd32f1x0_rcu.o(.text)
    rcu_apb2_clock_config                    0x08002c1d   Thumb Code    22  gd32f1x0_rcu.o(.text)
    rcu_adc_clock_config                     0x08002c33   Thumb Code   148  gd32f1x0_rcu.o(.text)
    rcu_usbd_clock_config                    0x08002cc7   Thumb Code    22  gd32f1x0_rcu.o(.text)
    rcu_ckout_config                         0x08002cdd   Thumb Code    24  gd32f1x0_rcu.o(.text)
    rcu_pll_config                           0x08002cf5   Thumb Code    28  gd32f1x0_rcu.o(.text)
    rcu_usart_clock_config                   0x08002d11   Thumb Code    22  gd32f1x0_rcu.o(.text)
    rcu_cec_clock_config                     0x08002d27   Thumb Code    22  gd32f1x0_rcu.o(.text)
    rcu_rtc_clock_config                     0x08002d3d   Thumb Code    22  gd32f1x0_rcu.o(.text)
    rcu_hxtal_prediv_config                  0x08002d53   Thumb Code    20  gd32f1x0_rcu.o(.text)
    rcu_lxtal_drive_capability_config        0x08002d67   Thumb Code    22  gd32f1x0_rcu.o(.text)
    rcu_flag_get                             0x08002d7d   Thumb Code    30  gd32f1x0_rcu.o(.text)
    rcu_all_reset_flag_clear                 0x08002d9b   Thumb Code    14  gd32f1x0_rcu.o(.text)
    rcu_interrupt_flag_get                   0x08002da9   Thumb Code    18  gd32f1x0_rcu.o(.text)
    rcu_interrupt_flag_clear                 0x08002dbb   Thumb Code    12  gd32f1x0_rcu.o(.text)
    rcu_interrupt_enable                     0x08002dc7   Thumb Code    12  gd32f1x0_rcu.o(.text)
    rcu_interrupt_disable                    0x08002dd3   Thumb Code    12  gd32f1x0_rcu.o(.text)
    rcu_osci_stab_wait                       0x08002ddf   Thumb Code   284  gd32f1x0_rcu.o(.text)
    rcu_osci_on                              0x08002efb   Thumb Code    28  gd32f1x0_rcu.o(.text)
    rcu_osci_off                             0x08002f17   Thumb Code    28  gd32f1x0_rcu.o(.text)
    rcu_osci_bypass_mode_enable              0x08002f33   Thumb Code    94  gd32f1x0_rcu.o(.text)
    rcu_osci_bypass_mode_disable             0x08002f91   Thumb Code    94  gd32f1x0_rcu.o(.text)
    rcu_hxtal_clock_monitor_enable           0x08002fef   Thumb Code    14  gd32f1x0_rcu.o(.text)
    rcu_hxtal_clock_monitor_disable          0x08002ffd   Thumb Code    14  gd32f1x0_rcu.o(.text)
    rcu_irc8m_adjust_value_set               0x0800300b   Thumb Code    20  gd32f1x0_rcu.o(.text)
    rcu_irc14m_adjust_value_set              0x0800301f   Thumb Code    20  gd32f1x0_rcu.o(.text)
    rcu_voltage_key_unlock                   0x08003033   Thumb Code    28  gd32f1x0_rcu.o(.text)
    rcu_deepsleep_voltage_set                0x0800304f   Thumb Code    30  gd32f1x0_rcu.o(.text)
    rcu_power_down_voltage_set               0x0800306d   Thumb Code    30  gd32f1x0_rcu.o(.text)
    rcu_clock_freq_get                       0x0800308b   Thumb Code   690  gd32f1x0_rcu.o(.text)
    timer_deinit                             0x08003345   Thumb Code   210  gd32f1x0_timer.o(.text)
    timer_init                               0x08003417   Thumb Code   126  gd32f1x0_timer.o(.text)
    timer_enable                             0x08003495   Thumb Code    10  gd32f1x0_timer.o(.text)
    timer_disable                            0x0800349f   Thumb Code    10  gd32f1x0_timer.o(.text)
    timer_auto_reload_shadow_enable          0x080034a9   Thumb Code    10  gd32f1x0_timer.o(.text)
    timer_auto_reload_shadow_disable         0x080034b3   Thumb Code    10  gd32f1x0_timer.o(.text)
    timer_update_event_enable                0x080034bd   Thumb Code    10  gd32f1x0_timer.o(.text)
    timer_update_event_disable               0x080034c7   Thumb Code    10  gd32f1x0_timer.o(.text)
    timer_counter_alignment                  0x080034d1   Thumb Code    16  gd32f1x0_timer.o(.text)
    timer_counter_up_direction               0x080034e1   Thumb Code    14  gd32f1x0_timer.o(.text)
    timer_counter_down_direction             0x080034ef   Thumb Code    18  gd32f1x0_timer.o(.text)
    timer_prescaler_config                   0x08003501   Thumb Code    14  gd32f1x0_timer.o(.text)
    timer_repetition_value_config            0x0800350f   Thumb Code     4  gd32f1x0_timer.o(.text)
    timer_autoreload_value_config            0x08003513   Thumb Code     4  gd32f1x0_timer.o(.text)
    timer_counter_value_config               0x08003517   Thumb Code     4  gd32f1x0_timer.o(.text)
    timer_counter_read                       0x0800351b   Thumb Code     8  gd32f1x0_timer.o(.text)
    timer_prescaler_read                     0x08003523   Thumb Code    10  gd32f1x0_timer.o(.text)
    timer_single_pulse_mode_config           0x0800352d   Thumb Code    26  gd32f1x0_timer.o(.text)
    timer_update_source_config               0x08003547   Thumb Code    26  gd32f1x0_timer.o(.text)
    timer_interrupt_enable                   0x08003561   Thumb Code     8  gd32f1x0_timer.o(.text)
    timer_interrupt_disable                  0x08003569   Thumb Code     8  gd32f1x0_timer.o(.text)
    timer_interrupt_flag_get                 0x08003571   Thumb Code    32  gd32f1x0_timer.o(.text)
    timer_interrupt_flag_clear               0x08003591   Thumb Code     8  gd32f1x0_timer.o(.text)
    timer_flag_get                           0x08003599   Thumb Code    18  gd32f1x0_timer.o(.text)
    timer_flag_clear                         0x080035ab   Thumb Code     8  gd32f1x0_timer.o(.text)
    timer_dma_enable                         0x080035b3   Thumb Code     8  gd32f1x0_timer.o(.text)
    timer_dma_disable                        0x080035bb   Thumb Code     8  gd32f1x0_timer.o(.text)
    timer_channel_dma_request_source_select  0x080035c3   Thumb Code    26  gd32f1x0_timer.o(.text)
    timer_dma_transfer_config                0x080035dd   Thumb Code    24  gd32f1x0_timer.o(.text)
    timer_event_software_generate            0x080035f5   Thumb Code     8  gd32f1x0_timer.o(.text)
    timer_break_config                       0x080035fd   Thumb Code    30  gd32f1x0_timer.o(.text)
    timer_break_enable                       0x0800361b   Thumb Code    10  gd32f1x0_timer.o(.text)
    timer_break_disable                      0x08003625   Thumb Code     8  gd32f1x0_timer.o(.text)
    timer_automatic_output_enable            0x0800362d   Thumb Code    10  gd32f1x0_timer.o(.text)
    timer_automatic_output_disable           0x08003637   Thumb Code     8  gd32f1x0_timer.o(.text)
    timer_primary_output_config              0x0800363f   Thumb Code    22  gd32f1x0_timer.o(.text)
    timer_channel_control_shadow_config      0x08003655   Thumb Code    22  gd32f1x0_timer.o(.text)
    timer_channel_control_shadow_update_config 0x0800366b   Thumb Code    26  gd32f1x0_timer.o(.text)
    timer_channel_output_config              0x08003685   Thumb Code   472  gd32f1x0_timer.o(.text)
    timer_channel_output_mode_config         0x0800385d   Thumb Code    90  gd32f1x0_timer.o(.text)
    timer_channel_output_pulse_value_config  0x080038b7   Thumb Code    38  gd32f1x0_timer.o(.text)
    timer_channel_output_shadow_config       0x080038dd   Thumb Code    90  gd32f1x0_timer.o(.text)
    timer_channel_output_fast_config         0x08003937   Thumb Code    90  gd32f1x0_timer.o(.text)
    timer_channel_output_clear_config        0x08003991   Thumb Code    90  gd32f1x0_timer.o(.text)
    timer_channel_output_polarity_config     0x080039eb   Thumb Code    92  gd32f1x0_timer.o(.text)
    timer_channel_complementary_output_polarity_config 0x08003a47   Thumb Code    70  gd32f1x0_timer.o(.text)
    timer_ocpre_clear_source_config          0x08003a8d   Thumb Code    26  gd32f1x0_timer.o(.text)
    timer_channel_output_state_config        0x08003aa7   Thumb Code    92  gd32f1x0_timer.o(.text)
    timer_channel_complementary_output_state_config 0x08003b03   Thumb Code    70  gd32f1x0_timer.o(.text)
    timer_channel_input_capture_prescaler_config 0x08003b49   Thumb Code    90  gd32f1x0_timer.o(.text)
    timer_input_capture_config               0x08003ba3   Thumb Code   332  gd32f1x0_timer.o(.text)
    timer_channel_capture_value_register_read 0x08003cef   Thumb Code    42  gd32f1x0_timer.o(.text)
    timer_input_pwm_capture_config           0x08003d19   Thumb Code   352  gd32f1x0_timer.o(.text)
    timer_hall_mode_config                   0x08003e79   Thumb Code    26  gd32f1x0_timer.o(.text)
    timer_input_trigger_source_select        0x08003e93   Thumb Code    16  gd32f1x0_timer.o(.text)
    timer_master_output_trigger_source_select 0x08003ea3   Thumb Code    16  gd32f1x0_timer.o(.text)
    timer_slave_mode_select                  0x08003eb3   Thumb Code    16  gd32f1x0_timer.o(.text)
    timer_master_slave_mode_config           0x08003ec3   Thumb Code    26  gd32f1x0_timer.o(.text)
    timer_external_trigger_config            0x08003edd   Thumb Code    30  gd32f1x0_timer.o(.text)
    timer_quadrature_decoder_mode_config     0x08003efb   Thumb Code    64  gd32f1x0_timer.o(.text)
    timer_internal_clock_config              0x08003f3b   Thumb Code     8  gd32f1x0_timer.o(.text)
    timer_internal_trigger_as_external_clock_config 0x08003f43   Thumb Code    32  gd32f1x0_timer.o(.text)
    timer_external_trigger_as_external_clock_config 0x08003f63   Thumb Code   164  gd32f1x0_timer.o(.text)
    timer_external_clock_mode0_config        0x08004007   Thumb Code    56  gd32f1x0_timer.o(.text)
    timer_external_clock_mode1_config        0x0800403f   Thumb Code    32  gd32f1x0_timer.o(.text)
    timer_external_clock_mode1_disable       0x0800405f   Thumb Code    10  gd32f1x0_timer.o(.text)
    timer_channel_remap_config               0x08004069   Thumb Code     6  gd32f1x0_timer.o(.text)
    usart_deinit                             0x08004071   Thumb Code    58  gd32f1x0_usart.o(.text)
    usart_baudrate_set                       0x080040ab   Thumb Code   120  gd32f1x0_usart.o(.text)
    usart_parity_config                      0x08004123   Thumb Code    24  gd32f1x0_usart.o(.text)
    usart_word_length_set                    0x0800413b   Thumb Code    24  gd32f1x0_usart.o(.text)
    usart_stop_bit_set                       0x08004153   Thumb Code    24  gd32f1x0_usart.o(.text)
    usart_enable                             0x0800416b   Thumb Code    10  gd32f1x0_usart.o(.text)
    usart_disable                            0x08004175   Thumb Code    10  gd32f1x0_usart.o(.text)
    usart_transmit_config                    0x0800417f   Thumb Code    16  gd32f1x0_usart.o(.text)
    usart_receive_config                     0x0800418f   Thumb Code    16  gd32f1x0_usart.o(.text)
    usart_data_transmit                      0x0800419f   Thumb Code     8  gd32f1x0_usart.o(.text)
    usart_data_receive                       0x080041a7   Thumb Code    10  gd32f1x0_usart.o(.text)
    usart_data_first_config                  0x080041b1   Thumb Code    28  gd32f1x0_usart.o(.text)
    usart_invert_config                      0x080041cd   Thumb Code   110  gd32f1x0_usart.o(.text)
    usart_overrun_enable                     0x0800423b   Thumb Code    18  gd32f1x0_usart.o(.text)
    usart_overrun_disable                    0x0800424d   Thumb Code    18  gd32f1x0_usart.o(.text)
    usart_oversample_config                  0x0800425f   Thumb Code    24  gd32f1x0_usart.o(.text)
    usart_sample_bit_config                  0x08004277   Thumb Code    24  gd32f1x0_usart.o(.text)
    usart_autobaud_detection_enable          0x0800428f   Thumb Code    10  gd32f1x0_usart.o(.text)
    usart_autobaud_detection_disable         0x08004299   Thumb Code    10  gd32f1x0_usart.o(.text)
    usart_autobaud_detection_mode_config     0x080042a3   Thumb Code    16  gd32f1x0_usart.o(.text)
    usart_mute_mode_enable                   0x080042b3   Thumb Code    10  gd32f1x0_usart.o(.text)
    usart_mute_mode_disable                  0x080042bd   Thumb Code    10  gd32f1x0_usart.o(.text)
    usart_mute_mode_wakeup_config            0x080042c7   Thumb Code    24  gd32f1x0_usart.o(.text)
    usart_address_detection_mode_config      0x080042df   Thumb Code    28  gd32f1x0_usart.o(.text)
    usart_address_config                     0x080042fb   Thumb Code    32  gd32f1x0_usart.o(.text)
    usart_receiver_timeout_enable            0x0800431b   Thumb Code    10  gd32f1x0_usart.o(.text)
    usart_receiver_timeout_disable           0x08004325   Thumb Code    10  gd32f1x0_usart.o(.text)
    usart_receiver_timeout_config            0x0800432f   Thumb Code    16  gd32f1x0_usart.o(.text)
    usart_lin_mode_enable                    0x0800433f   Thumb Code    18  gd32f1x0_usart.o(.text)
    usart_lin_mode_disable                   0x08004351   Thumb Code    18  gd32f1x0_usart.o(.text)
    usart_lin_break_dection_length_config    0x08004363   Thumb Code    20  gd32f1x0_usart.o(.text)
    usart_halfduplex_enable                  0x08004377   Thumb Code    18  gd32f1x0_usart.o(.text)
    usart_halfduplex_disable                 0x08004389   Thumb Code    18  gd32f1x0_usart.o(.text)
    usart_clock_enable                       0x0800439b   Thumb Code    18  gd32f1x0_usart.o(.text)
    usart_clock_disable                      0x080043ad   Thumb Code    18  gd32f1x0_usart.o(.text)
    usart_synchronous_clock_config           0x080043bf   Thumb Code    50  gd32f1x0_usart.o(.text)
    usart_smartcard_mode_enable              0x080043f1   Thumb Code    18  gd32f1x0_usart.o(.text)
    usart_smartcard_mode_disable             0x08004403   Thumb Code    18  gd32f1x0_usart.o(.text)
    usart_smartcard_mode_nack_enable         0x08004415   Thumb Code    18  gd32f1x0_usart.o(.text)
    usart_smartcard_mode_nack_disable        0x08004427   Thumb Code    18  gd32f1x0_usart.o(.text)
    usart_guard_time_config                  0x08004439   Thumb Code    36  gd32f1x0_usart.o(.text)
    usart_block_length_config                0x0800445d   Thumb Code    24  gd32f1x0_usart.o(.text)
    usart_smartcard_autoretry_config         0x08004475   Thumb Code    32  gd32f1x0_usart.o(.text)
    usart_irda_mode_enable                   0x08004495   Thumb Code    18  gd32f1x0_usart.o(.text)
    usart_irda_mode_disable                  0x080044a7   Thumb Code    18  gd32f1x0_usart.o(.text)
    usart_irda_lowpower_config               0x080044b9   Thumb Code    20  gd32f1x0_usart.o(.text)
    usart_prescaler_config                   0x080044cd   Thumb Code    24  gd32f1x0_usart.o(.text)
    usart_hardware_flow_rts_config           0x080044e5   Thumb Code    24  gd32f1x0_usart.o(.text)
    usart_hardware_flow_cts_config           0x080044fd   Thumb Code    24  gd32f1x0_usart.o(.text)
    usart_rs485_driver_enable                0x08004515   Thumb Code    18  gd32f1x0_usart.o(.text)
    usart_rs485_driver_disable               0x08004527   Thumb Code    18  gd32f1x0_usart.o(.text)
    usart_driver_assertime_config            0x08004539   Thumb Code    32  gd32f1x0_usart.o(.text)
    usart_driver_deassertime_config          0x08004559   Thumb Code    32  gd32f1x0_usart.o(.text)
    usart_depolarity_config                  0x08004579   Thumb Code    28  gd32f1x0_usart.o(.text)
    usart_dma_receive_config                 0x08004595   Thumb Code    16  gd32f1x0_usart.o(.text)
    usart_dma_transmit_config                0x080045a5   Thumb Code    16  gd32f1x0_usart.o(.text)
    usart_reception_error_dma_disable        0x080045b5   Thumb Code    18  gd32f1x0_usart.o(.text)
    usart_reception_error_dma_enable         0x080045c7   Thumb Code    18  gd32f1x0_usart.o(.text)
    usart_wakeup_enable                      0x080045d9   Thumb Code    10  gd32f1x0_usart.o(.text)
    usart_wakeup_disable                     0x080045e3   Thumb Code    10  gd32f1x0_usart.o(.text)
    usart_wakeup_mode_config                 0x080045ed   Thumb Code    28  gd32f1x0_usart.o(.text)
    usart_flag_get                           0x08004609   Thumb Code    30  gd32f1x0_usart.o(.text)
    usart_flag_clear                         0x08004627   Thumb Code    18  gd32f1x0_usart.o(.text)
    usart_interrupt_enable                   0x08004639   Thumb Code    26  gd32f1x0_usart.o(.text)
    usart_interrupt_disable                  0x08004653   Thumb Code    26  gd32f1x0_usart.o(.text)
    usart_command_enable                     0x0800466d   Thumb Code     8  gd32f1x0_usart.o(.text)
    usart_interrupt_flag_get                 0x08004675   Thumb Code    56  gd32f1x0_usart.o(.text)
    usart_interrupt_flag_clear               0x080046ad   Thumb Code    18  gd32f1x0_usart.o(.text)
    Reset_Handler                            0x080046c1   Thumb Code     8  startup_gd32f1x0.o(.text)
    ADC_CMP_IRQHandler                       0x080046db   Thumb Code     0  startup_gd32f1x0.o(.text)
    CAN0_RX0_IRQHandler                      0x080046db   Thumb Code     0  startup_gd32f1x0.o(.text)
    CAN0_RX1_IRQHandler                      0x080046db   Thumb Code     0  startup_gd32f1x0.o(.text)
    CAN0_SCE_IRQHandler                      0x080046db   Thumb Code     0  startup_gd32f1x0.o(.text)
    CAN0_TX_IRQHandler                       0x080046db   Thumb Code     0  startup_gd32f1x0.o(.text)
    CAN1_RX0_IRQHandler                      0x080046db   Thumb Code     0  startup_gd32f1x0.o(.text)
    CAN1_RX1_IRQHandler                      0x080046db   Thumb Code     0  startup_gd32f1x0.o(.text)
    CAN1_SCE_IRQHandler                      0x080046db   Thumb Code     0  startup_gd32f1x0.o(.text)
    CAN1_TX_IRQHandler                       0x080046db   Thumb Code     0  startup_gd32f1x0.o(.text)
    CEC_IRQHandler                           0x080046db   Thumb Code     0  startup_gd32f1x0.o(.text)
    DMA_Channel5_6_IRQHandler                0x080046db   Thumb Code     0  startup_gd32f1x0.o(.text)
    EXTI0_1_IRQHandler                       0x080046db   Thumb Code     0  startup_gd32f1x0.o(.text)
    EXTI2_3_IRQHandler                       0x080046db   Thumb Code     0  startup_gd32f1x0.o(.text)
    EXTI4_15_IRQHandler                      0x080046db   Thumb Code     0  startup_gd32f1x0.o(.text)
    FMC_IRQHandler                           0x080046db   Thumb Code     0  startup_gd32f1x0.o(.text)
    I2C0_ER_IRQHandler                       0x080046db   Thumb Code     0  startup_gd32f1x0.o(.text)
    I2C0_EV_IRQHandler                       0x080046db   Thumb Code     0  startup_gd32f1x0.o(.text)
    I2C1_ER_IRQHandler                       0x080046db   Thumb Code     0  startup_gd32f1x0.o(.text)
    I2C1_EV_IRQHandler                       0x080046db   Thumb Code     0  startup_gd32f1x0.o(.text)
    I2C2_ER_IRQHandler                       0x080046db   Thumb Code     0  startup_gd32f1x0.o(.text)
    I2C2_EV_IRQHandler                       0x080046db   Thumb Code     0  startup_gd32f1x0.o(.text)
    LVD_IRQHandler                           0x080046db   Thumb Code     0  startup_gd32f1x0.o(.text)
    RCU_IRQHandler                           0x080046db   Thumb Code     0  startup_gd32f1x0.o(.text)
    RTC_IRQHandler                           0x080046db   Thumb Code     0  startup_gd32f1x0.o(.text)
    SLCD_IRQHandler                          0x080046db   Thumb Code     0  startup_gd32f1x0.o(.text)
    SPI0_IRQHandler                          0x080046db   Thumb Code     0  startup_gd32f1x0.o(.text)
    SPI1_IRQHandler                          0x080046db   Thumb Code     0  startup_gd32f1x0.o(.text)
    SPI2_IRQHandler                          0x080046db   Thumb Code     0  startup_gd32f1x0.o(.text)
    TIMER0_Channel_IRQHandler                0x080046db   Thumb Code     0  startup_gd32f1x0.o(.text)
    TIMER14_IRQHandler                       0x080046db   Thumb Code     0  startup_gd32f1x0.o(.text)
    TIMER15_IRQHandler                       0x080046db   Thumb Code     0  startup_gd32f1x0.o(.text)
    TIMER16_IRQHandler                       0x080046db   Thumb Code     0  startup_gd32f1x0.o(.text)
    TIMER1_IRQHandler                        0x080046db   Thumb Code     0  startup_gd32f1x0.o(.text)
    TIMER2_IRQHandler                        0x080046db   Thumb Code     0  startup_gd32f1x0.o(.text)
    TIMER5_DAC_IRQHandler                    0x080046db   Thumb Code     0  startup_gd32f1x0.o(.text)
    TSI_IRQHandler                           0x080046db   Thumb Code     0  startup_gd32f1x0.o(.text)
    USART0_IRQHandler                        0x080046db   Thumb Code     0  startup_gd32f1x0.o(.text)
    USART1_IRQHandler                        0x080046db   Thumb Code     0  startup_gd32f1x0.o(.text)
    USBDWakeUp_IRQHandler                    0x080046db   Thumb Code     0  startup_gd32f1x0.o(.text)
    USBD_HP_IRQHandler                       0x080046db   Thumb Code     0  startup_gd32f1x0.o(.text)
    USBD_LP_IRQHandler                       0x080046db   Thumb Code     0  startup_gd32f1x0.o(.text)
    WWDGT_IRQHandler                         0x080046db   Thumb Code     0  startup_gd32f1x0.o(.text)
    __user_initial_stackheap                 0x080046dd   Thumb Code    10  startup_gd32f1x0.o(.text)
    SystemInit                               0x08004773   Thumb Code   118  system_gd32f1x0.o(.text)
    SystemCoreClockUpdate                    0x080047e9   Thumb Code   208  system_gd32f1x0.o(.text)
    __2sprintf                               0x080048ed   Thumb Code    34  noretval__2sprintf.o(.text)
    _printf_pre_padding                      0x08004915   Thumb Code    44  _printf_pad.o(.text)
    _printf_post_padding                     0x08004941   Thumb Code    34  _printf_pad.o(.text)
    _printf_int_dec                          0x08004965   Thumb Code   104  _printf_dec.o(.text)
    __printf                                 0x080049dd   Thumb Code   308  __printf_flags_wp.o(.text)
    __aeabi_memcpy4                          0x08004b15   Thumb Code     0  rt_memcpy_w.o(.text)
    __aeabi_memcpy8                          0x08004b15   Thumb Code     0  rt_memcpy_w.o(.text)
    __rt_memcpy_w                            0x08004b15   Thumb Code   100  rt_memcpy_w.o(.text)
    _memcpy_lastbytes_aligned                0x08004b5d   Thumb Code     0  rt_memcpy_w.o(.text)
    __use_two_region_memory                  0x08004b79   Thumb Code     2  heapauxi.o(.text)
    __rt_heap_escrow$2region                 0x08004b7b   Thumb Code     2  heapauxi.o(.text)
    __rt_heap_expand$2region                 0x08004b7d   Thumb Code     2  heapauxi.o(.text)
    _printf_int_common                       0x08004b7f   Thumb Code   178  _printf_intcommon.o(.text)
    _printf_char_common                      0x08004c3b   Thumb Code    32  _printf_char_common.o(.text)
    _sputc                                   0x08004c61   Thumb Code    10  _sputc.o(.text)
    __user_setup_stackheap                   0x08004c6b   Thumb Code    74  sys_stackheap_outer.o(.text)
    exit                                     0x08004cb5   Thumb Code    18  exit.o(.text)
    __user_libspace                          0x08004cc9   Thumb Code     8  libspace.o(.text)
    __user_perproc_libspace                  0x08004cc9   Thumb Code     0  libspace.o(.text)
    __user_perthread_libspace                0x08004cc9   Thumb Code     0  libspace.o(.text)
    _sys_exit                                0x08004cd1   Thumb Code     8  sys_exit.o(.text)
    __I$use$semihosting                      0x08004cdd   Thumb Code     0  use_no_semi.o(.text)
    __use_no_semihosting_swi                 0x08004cdd   Thumb Code     2  use_no_semi.o(.text)
    __semihosting_library_function           0x08004cdf   Thumb Code     0  indicate_semi.o(.text)
    _is_digit                                0x08004cdf   Thumb Code    14  __printf_wp.o(i._is_digit)
    blockPWM                                 0x08004ced   Thumb Code   106  bldc.o(i.blockPWM)
    __aeabi_d2f                              0x08004d59   Thumb Code     0  d2f.o(x$fpl$d2f)
    _d2f                                     0x08004d59   Thumb Code    98  d2f.o(x$fpl$d2f)
    __aeabi_dadd                             0x08004dbd   Thumb Code     0  daddsub_clz.o(x$fpl$dadd)
    _dadd                                    0x08004dbd   Thumb Code   332  daddsub_clz.o(x$fpl$dadd)
    __fpl_dcmp_Inf                           0x08004f0d   Thumb Code    24  dcmpi.o(x$fpl$dcmpinf)
    __aeabi_ddiv                             0x08004f25   Thumb Code     0  ddiv.o(x$fpl$ddiv)
    _ddiv                                    0x08004f25   Thumb Code   552  ddiv.o(x$fpl$ddiv)
    __aeabi_i2d                              0x080051d5   Thumb Code     0  dflt_clz.o(x$fpl$dflt)
    _dflt                                    0x080051d5   Thumb Code    46  dflt_clz.o(x$fpl$dflt)
    __aeabi_cdcmple                          0x08005205   Thumb Code     0  dleqf.o(x$fpl$dleqf)
    _dcmple                                  0x08005205   Thumb Code   120  dleqf.o(x$fpl$dleqf)
    __fpl_dcmple_InfNaN                      0x08005267   Thumb Code     0  dleqf.o(x$fpl$dleqf)
    __aeabi_dmul                             0x0800527d   Thumb Code     0  dmul.o(x$fpl$dmul)
    _dmul                                    0x0800527d   Thumb Code   332  dmul.o(x$fpl$dmul)
    __fpl_dnaninf                            0x080053d1   Thumb Code   156  dnaninf.o(x$fpl$dnaninf)
    __fpl_dretinf                            0x0800546d   Thumb Code    12  dretinf.o(x$fpl$dretinf)
    __aeabi_dsub                             0x08005479   Thumb Code     0  daddsub_clz.o(x$fpl$dsub)
    _dsub                                    0x08005479   Thumb Code   464  daddsub_clz.o(x$fpl$dsub)
    __aeabi_f2d                              0x0800564d   Thumb Code     0  f2d.o(x$fpl$f2d)
    _f2d                                     0x0800564d   Thumb Code    86  f2d.o(x$fpl$f2d)
    __aeabi_fadd                             0x080056a5   Thumb Code     0  faddsub_clz.o(x$fpl$fadd)
    _fadd                                    0x080056a5   Thumb Code   196  faddsub_clz.o(x$fpl$fadd)
    __fpl_fcmp_Inf                           0x08005769   Thumb Code    24  fcmpi.o(x$fpl$fcmpinf)
    __aeabi_fdiv                             0x08005781   Thumb Code     0  fdiv.o(x$fpl$fdiv)
    _fdiv                                    0x08005781   Thumb Code   384  fdiv.o(x$fpl$fdiv)
    __aeabi_cfcmpeq                          0x08005905   Thumb Code     0  feqf.o(x$fpl$feqf)
    _fcmpeq                                  0x08005905   Thumb Code   104  feqf.o(x$fpl$feqf)
    __aeabi_f2iz                             0x0800596d   Thumb Code     0  ffix.o(x$fpl$ffix)
    _ffix                                    0x0800596d   Thumb Code    54  ffix.o(x$fpl$ffix)
    __aeabi_i2f                              0x080059a5   Thumb Code     0  fflt_clz.o(x$fpl$fflt)
    _fflt                                    0x080059a5   Thumb Code    48  fflt_clz.o(x$fpl$fflt)
    __aeabi_ui2f                             0x080059d5   Thumb Code     0  fflt_clz.o(x$fpl$ffltu)
    _ffltu                                   0x080059d5   Thumb Code    38  fflt_clz.o(x$fpl$ffltu)
    __aeabi_cfcmple                          0x080059fd   Thumb Code     0  fleqf.o(x$fpl$fleqf)
    _fcmple                                  0x080059fd   Thumb Code   104  fleqf.o(x$fpl$fleqf)
    __fpl_fcmple_InfNaN                      0x08005a4f   Thumb Code     0  fleqf.o(x$fpl$fleqf)
    __aeabi_fmul                             0x08005a65   Thumb Code     0  fmul.o(x$fpl$fmul)
    _fmul                                    0x08005a65   Thumb Code   258  fmul.o(x$fpl$fmul)
    __fpl_fnaninf                            0x08005b67   Thumb Code   140  fnaninf.o(x$fpl$fnaninf)
    __fpl_fretinf                            0x08005bf3   Thumb Code    10  fretinf.o(x$fpl$fretinf)
    __aeabi_cfrcmple                         0x08005bfd   Thumb Code     0  frleqf.o(x$fpl$frleqf)
    _frcmple                                 0x08005bfd   Thumb Code    98  frleqf.o(x$fpl$frleqf)
    __aeabi_fsub                             0x08005c61   Thumb Code     0  faddsub_clz.o(x$fpl$fsub)
    _fsub                                    0x08005c61   Thumb Code   234  faddsub_clz.o(x$fpl$fsub)
    __I$use$fp                               0x08005d4a   Number         0  usenofp.o(x$fpl$usenofp)
    pwm_res                                  0x08005d4c   Data           2  bldc.o(.constdata)
    hall_to_pos                              0x08005e14   Data           8  bldc.o(.constdata)
    Region$$Table$$Base                      0x08005e30   Number         0  anon$$obj.o(Region$$Table)
    Region$$Table$$Limit                     0x08005e50   Number         0  anon$$obj.o(Region$$Table)
    m_enc                                    0x20000000   Data           4  main.o(.data)
    desiredSpeedSlave                        0x20000004   Data           4  main.o(.data)
    batteryVoltage                           0x20000008   Data           4  bldc.o(.data)
    currentDC                                0x2000000c   Data           4  bldc.o(.data)
    realSpeed                                0x20000010   Data           4  bldc.o(.data)
    inc                                      0x20000014   Data           1  bldc.o(.data)
    bldc_inputFilterPwm                      0x20000016   Data           2  bldc.o(.data)
    bldc_enable                              0x20000018   Data           1  bldc.o(.data)
    adc_buffer                               0x2000001a   Data           4  bldc.o(.data)
    hall_a                                   0x2000001e   Data           1  bldc.o(.data)
    hall_b                                   0x2000001f   Data           1  bldc.o(.data)
    hall_c                                   0x20000020   Data           1  bldc.o(.data)
    hall                                     0x20000021   Data           1  bldc.o(.data)
    pos                                      0x20000022   Data           1  bldc.o(.data)
    lastPos                                  0x20000023   Data           1  bldc.o(.data)
    lastHall                                 0x20000024   Data           1  bldc.o(.data)
    bldc_outputFilterPwm                     0x20000026   Data           2  bldc.o(.data)
    filter_reg                               0x20000028   Data           4  bldc.o(.data)
    buzzerToggle                             0x2000002c   Data           1  bldc.o(.data)
    buzzerFreq                               0x2000002d   Data           1  bldc.o(.data)
    buzzerPattern                            0x2000002e   Data           1  bldc.o(.data)
    buzzerTimer                              0x20000030   Data           2  bldc.o(.data)
    offsetcount                              0x20000032   Data           2  bldc.o(.data)
    offsetdc                                 0x20000034   Data           2  bldc.o(.data)
    loopCounter                              0x20000038   Data           4  bldc.o(.data)
    usartMasterSlave_rx_buf                  0x2000003c   Data           1  setup.o(.data)
    usartSteer_COM_rx_buf                    0x2000003d   Data           1  setup.o(.data)
    msTicks                                  0x20000040   Data           4  it.o(.data)
    timeoutCounter_ms                        0x20000044   Data           4  it.o(.data)
    timedOut                                 0x20000048   Data           1  it.o(.data)
    hornCounter_ms                           0x2000004c   Data           4  it.o(.data)
    upperLEDMaster                           0x20000052   Data           1  commsmasterslave.o(.data)
    lowerLEDMaster                           0x20000053   Data           1  commsmasterslave.o(.data)
    mosfetOutMaster                          0x20000054   Data           1  commsmasterslave.o(.data)
    beepsBackwardsMaster                     0x20000055   Data           1  commsmasterslave.o(.data)
    currentDCMaster                          0x20000056   Data           2  commsmasterslave.o(.data)
    batteryMaster                            0x20000058   Data           2  commsmasterslave.o(.data)
    realSpeedMaster                          0x2000005a   Data           2  commsmasterslave.o(.data)
    counter_Red                              0x2000009e   Data           1  led.o(.data)
    counter_Green                            0x2000009f   Data           1  led.o(.data)
    counter_Blue                             0x200000a0   Data           1  led.o(.data)
    setValue_Red                             0x200000a1   Data           1  led.o(.data)
    setValue_Green                           0x200000a2   Data           1  led.o(.data)
    setValue_Blue                            0x200000a3   Data           1  led.o(.data)
    last_error                               0x200000b8   Data           4  pid.o(.data)
    Kp                                       0x200000bc   Data           4  pid.o(.data)
    Ki                                       0x200000c0   Data           4  pid.o(.data)
    Kd                                       0x200000c4   Data           4  pid.o(.data)
    Iterm                                    0x200000c8   Data           4  pid.o(.data)
    SystemCoreClock                          0x200000cc   Data           4  system_gd32f1x0.o(.data)
    timeoutTimer_paramter_struct             0x200000d0   Data          16  setup.o(.bss)
    timerBldc_paramter_struct                0x200000e0   Data          16  setup.o(.bss)
    timerBldc_break_parameter_struct         0x200000f0   Data          14  setup.o(.bss)
    timerBldc_oc_parameter_struct            0x200000fe   Data          12  setup.o(.bss)
    dma_init_struct_usart                    0x2000010c   Data          36  setup.o(.bss)
    dma_init_struct_adc                      0x20000130   Data          36  setup.o(.bss)
    __libspace_start                         0x2000016c   Data          96  libspace.o(.bss)
    __temporary_stack_top$libspace           0x200001cc   Data           0  libspace.o(.bss)



==============================================================================

Memory Map of the image

  Image Entry point : 0x08000169

  Load Region LR_IROM1 (Base: 0x08000000, Size: 0x00005f20, Max: 0x00010000, ABSOLUTE)

    Execution Region ER_IROM1 (Exec base: 0x08000000, Load base: 0x08000000, Size: 0x00005e50, Max: 0x00010000, ABSOLUTE)

    Exec Addr    Load Addr    Size         Type   Attr      Idx    E Section Name        Object

    0x08000000   0x08000000   0x00000168   Data   RO          739    RESET               startup_gd32f1x0.o
    0x08000168   0x08000168   0x00000008   Code   RO          812  * !!!main             c_w.l(__main.o)
    0x08000170   0x08000170   0x00000034   Code   RO         1043    !!!scatter          c_w.l(__scatter.o)
    0x080001a4   0x080001a4   0x0000001a   Code   RO         1045    !!handler_copy      c_w.l(__scatter_copy.o)
    0x080001be   0x080001be   0x00000002   PAD
    0x080001c0   0x080001c0   0x0000001c   Code   RO         1047    !!handler_zi        c_w.l(__scatter_zi.o)
    0x080001dc   0x080001dc   0x00000000   Code   RO          807    .ARM.Collect$$_printf_percent$$00000000  c_w.l(_printf_percent.o)
    0x080001dc   0x080001dc   0x00000006   Code   RO          806    .ARM.Collect$$_printf_percent$$00000009  c_w.l(_printf_d.o)
    0x080001e2   0x080001e2   0x00000004   Code   RO          873    .ARM.Collect$$_printf_percent$$00000017  c_w.l(_printf_percent_end.o)
    0x080001e6   0x080001e6   0x00000002   Code   RO          913    .ARM.Collect$$libinit$$00000000  c_w.l(libinit.o)
    0x080001e8   0x080001e8   0x00000000   Code   RO          920    .ARM.Collect$$libinit$$00000002  c_w.l(libinit2.o)
    0x080001e8   0x080001e8   0x00000000   Code   RO          922    .ARM.Collect$$libinit$$00000004  c_w.l(libinit2.o)
    0x080001e8   0x080001e8   0x00000000   Code   RO          925    .ARM.Collect$$libinit$$0000000A  c_w.l(libinit2.o)
    0x080001e8   0x080001e8   0x00000000   Code   RO          927    .ARM.Collect$$libinit$$0000000C  c_w.l(libinit2.o)
    0x080001e8   0x080001e8   0x00000000   Code   RO          929    .ARM.Collect$$libinit$$0000000E  c_w.l(libinit2.o)
    0x080001e8   0x080001e8   0x00000000   Code   RO          932    .ARM.Collect$$libinit$$00000011  c_w.l(libinit2.o)
    0x080001e8   0x080001e8   0x00000000   Code   RO          934    .ARM.Collect$$libinit$$00000013  c_w.l(libinit2.o)
    0x080001e8   0x080001e8   0x00000000   Code   RO          936    .ARM.Collect$$libinit$$00000015  c_w.l(libinit2.o)
    0x080001e8   0x080001e8   0x00000000   Code   RO          938    .ARM.Collect$$libinit$$00000017  c_w.l(libinit2.o)
    0x080001e8   0x080001e8   0x00000000   Code   RO          940    .ARM.Collect$$libinit$$00000019  c_w.l(libinit2.o)
    0x080001e8   0x080001e8   0x00000000   Code   RO          942    .ARM.Collect$$libinit$$0000001B  c_w.l(libinit2.o)
    0x080001e8   0x080001e8   0x00000000   Code   RO          944    .ARM.Collect$$libinit$$0000001D  c_w.l(libinit2.o)
    0x080001e8   0x080001e8   0x00000000   Code   RO          946    .ARM.Collect$$libinit$$0000001F  c_w.l(libinit2.o)
    0x080001e8   0x080001e8   0x00000000   Code   RO          948    .ARM.Collect$$libinit$$00000021  c_w.l(libinit2.o)
    0x080001e8   0x080001e8   0x00000000   Code   RO          950    .ARM.Collect$$libinit$$00000023  c_w.l(libinit2.o)
    0x080001e8   0x080001e8   0x00000000   Code   RO          952    .ARM.Collect$$libinit$$00000025  c_w.l(libinit2.o)
    0x080001e8   0x080001e8   0x00000000   Code   RO          956    .ARM.Collect$$libinit$$0000002C  c_w.l(libinit2.o)
    0x080001e8   0x080001e8   0x00000000   Code   RO          958    .ARM.Collect$$libinit$$0000002E  c_w.l(libinit2.o)
    0x080001e8   0x080001e8   0x00000000   Code   RO          960    .ARM.Collect$$libinit$$00000030  c_w.l(libinit2.o)
    0x080001e8   0x080001e8   0x00000000   Code   RO          962    .ARM.Collect$$libinit$$00000032  c_w.l(libinit2.o)
    0x080001e8   0x080001e8   0x00000002   Code   RO          963    .ARM.Collect$$libinit$$00000033  c_w.l(libinit2.o)
    0x080001ea   0x080001ea   0x00000002   Code   RO          983    .ARM.Collect$$libshutdown$$00000000  c_w.l(libshutdown.o)
    0x080001ec   0x080001ec   0x00000000   Code   RO          996    .ARM.Collect$$libshutdown$$00000002  c_w.l(libshutdown2.o)
    0x080001ec   0x080001ec   0x00000000   Code   RO          998    .ARM.Collect$$libshutdown$$00000004  c_w.l(libshutdown2.o)
    0x080001ec   0x080001ec   0x00000000   Code   RO         1001    .ARM.Collect$$libshutdown$$00000007  c_w.l(libshutdown2.o)
    0x080001ec   0x080001ec   0x00000000   Code   RO         1004    .ARM.Collect$$libshutdown$$0000000A  c_w.l(libshutdown2.o)
    0x080001ec   0x080001ec   0x00000000   Code   RO         1006    .ARM.Collect$$libshutdown$$0000000C  c_w.l(libshutdown2.o)
    0x080001ec   0x080001ec   0x00000000   Code   RO         1009    .ARM.Collect$$libshutdown$$0000000F  c_w.l(libshutdown2.o)
    0x080001ec   0x080001ec   0x00000002   Code   RO         1010    .ARM.Collect$$libshutdown$$00000010  c_w.l(libshutdown2.o)
    0x080001ee   0x080001ee   0x00000000   Code   RO          866    .ARM.Collect$$rtentry$$00000000  c_w.l(__rtentry.o)
    0x080001ee   0x080001ee   0x00000000   Code   RO          888    .ARM.Collect$$rtentry$$00000002  c_w.l(__rtentry2.o)
    0x080001ee   0x080001ee   0x00000006   Code   RO          900    .ARM.Collect$$rtentry$$00000004  c_w.l(__rtentry4.o)
    0x080001f4   0x080001f4   0x00000000   Code   RO          890    .ARM.Collect$$rtentry$$00000009  c_w.l(__rtentry2.o)
    0x080001f4   0x080001f4   0x00000004   Code   RO          891    .ARM.Collect$$rtentry$$0000000A  c_w.l(__rtentry2.o)
    0x080001f8   0x080001f8   0x00000000   Code   RO          893    .ARM.Collect$$rtentry$$0000000C  c_w.l(__rtentry2.o)
    0x080001f8   0x080001f8   0x00000008   Code   RO          894    .ARM.Collect$$rtentry$$0000000D  c_w.l(__rtentry2.o)
    0x08000200   0x08000200   0x00000002   Code   RO          917    .ARM.Collect$$rtexit$$00000000  c_w.l(rtexit.o)
    0x08000202   0x08000202   0x00000000   Code   RO          965    .ARM.Collect$$rtexit$$00000002  c_w.l(rtexit2.o)
    0x08000202   0x08000202   0x00000004   Code   RO          966    .ARM.Collect$$rtexit$$00000003  c_w.l(rtexit2.o)
    0x08000206   0x08000206   0x00000006   Code   RO          967    .ARM.Collect$$rtexit$$00000004  c_w.l(rtexit2.o)
    0x0800020c   0x0800020c   0x000000a4   Code   RO            4    .text               main.o
    0x080002b0   0x080002b0   0x000003e0   Code   RO          150    .text               bldc.o
    0x08000690   0x08000690   0x000007cc   Code   RO          189    .text               setup.o
    0x08000e5c   0x08000e5c   0x00000128   Code   RO          218    .text               it.o
    0x08000f84   0x08000f84   0x00000070   Code   RO          252    .text               comms.o
    0x08000ff4   0x08000ff4   0x00000320   Code   RO          276    .text               commsbluetooth.o
    0x08001314   0x08001314   0x0000033c   Code   RO          331    .text               commsmasterslave.o
    0x08001650   0x08001650   0x00000448   Code   RO          360    .text               led.o
    0x08001a98   0x08001a98   0x00000100   Code   RO          390    .text               pid.o
    0x08001b98   0x08001b98   0x00000684   Code   RO          424    .text               gd32f1x0_adc.o
    0x0800221c   0x0800221c   0x000004b4   Code   RO          472    .text               gd32f1x0_dma.o
    0x080026d0   0x080026d0   0x000000cc   Code   RO          496    .text               gd32f1x0_fwdgt.o
    0x0800279c   0x0800279c   0x000001dc   Code   RO          520    .text               gd32f1x0_gpio.o
    0x08002978   0x08002978   0x00000124   Code   RO          568    .text               gd32f1x0_misc.o
    0x08002a9c   0x08002a9c   0x000008a8   Code   RO          620    .text               gd32f1x0_rcu.o
    0x08003344   0x08003344   0x00000d2a   Code   RO          668    .text               gd32f1x0_timer.o
    0x0800406e   0x0800406e   0x00000002   PAD
    0x08004070   0x08004070   0x0000064e   Code   RO          692    .text               gd32f1x0_usart.o
    0x080046be   0x080046be   0x00000002   PAD
    0x080046c0   0x080046c0   0x00000040   Code   RO          740    .text               startup_gd32f1x0.o
    0x08004700   0x08004700   0x000001ec   Code   RO          747    .text               system_gd32f1x0.o
    0x080048ec   0x080048ec   0x00000028   Code   RO          778    .text               c_w.l(noretval__2sprintf.o)
    0x08004914   0x08004914   0x0000004e   Code   RO          782    .text               c_w.l(_printf_pad.o)
    0x08004962   0x08004962   0x00000002   PAD
    0x08004964   0x08004964   0x00000078   Code   RO          784    .text               c_w.l(_printf_dec.o)
    0x080049dc   0x080049dc   0x00000138   Code   RO          798    .text               c_w.l(__printf_flags_wp.o)
    0x08004b14   0x08004b14   0x00000064   Code   RO          808    .text               c_w.l(rt_memcpy_w.o)
    0x08004b78   0x08004b78   0x00000006   Code   RO          810    .text               c_w.l(heapauxi.o)
    0x08004b7e   0x08004b7e   0x000000b2   Code   RO          867    .text               c_w.l(_printf_intcommon.o)
    0x08004c30   0x08004c30   0x00000030   Code   RO          869    .text               c_w.l(_printf_char_common.o)
    0x08004c60   0x08004c60   0x0000000a   Code   RO          871    .text               c_w.l(_sputc.o)
    0x08004c6a   0x08004c6a   0x0000004a   Code   RO          904    .text               c_w.l(sys_stackheap_outer.o)
    0x08004cb4   0x08004cb4   0x00000012   Code   RO          906    .text               c_w.l(exit.o)
    0x08004cc6   0x08004cc6   0x00000002   PAD
    0x08004cc8   0x08004cc8   0x00000008   Code   RO          914    .text               c_w.l(libspace.o)
    0x08004cd0   0x08004cd0   0x0000000c   Code   RO          975    .text               c_w.l(sys_exit.o)
    0x08004cdc   0x08004cdc   0x00000002   Code   RO          986    .text               c_w.l(use_no_semi.o)
    0x08004cde   0x08004cde   0x00000000   Code   RO          988    .text               c_w.l(indicate_semi.o)
    0x08004cde   0x08004cde   0x0000000e   Code   RO          796    i._is_digit         c_w.l(__printf_wp.o)
    0x08004cec   0x08004cec   0x0000006a   Code   RO          172    i.blockPWM          bldc.o
    0x08004d56   0x08004d56   0x00000002   PAD
    0x08004d58   0x08004d58   0x00000062   Code   RO          814    x$fpl$d2f           fz_ws.l(d2f.o)
    0x08004dba   0x08004dba   0x00000002   PAD
    0x08004dbc   0x08004dbc   0x00000150   Code   RO          816    x$fpl$dadd          fz_ws.l(daddsub_clz.o)
    0x08004f0c   0x08004f0c   0x00000018   Code   RO          874    x$fpl$dcmpinf       fz_ws.l(dcmpi.o)
    0x08004f24   0x08004f24   0x000002b0   Code   RO          823    x$fpl$ddiv          fz_ws.l(ddiv.o)
    0x080051d4   0x080051d4   0x0000002e   Code   RO          827    x$fpl$dflt          fz_ws.l(dflt_clz.o)
    0x08005202   0x08005202   0x00000002   PAD
    0x08005204   0x08005204   0x00000078   Code   RO          832    x$fpl$dleqf         fz_ws.l(dleqf.o)
    0x0800527c   0x0800527c   0x00000154   Code   RO          834    x$fpl$dmul          fz_ws.l(dmul.o)
    0x080053d0   0x080053d0   0x0000009c   Code   RO          876    x$fpl$dnaninf       fz_ws.l(dnaninf.o)
    0x0800546c   0x0800546c   0x0000000c   Code   RO          878    x$fpl$dretinf       fz_ws.l(dretinf.o)
    0x08005478   0x08005478   0x000001d4   Code   RO          818    x$fpl$dsub          fz_ws.l(daddsub_clz.o)
    0x0800564c   0x0800564c   0x00000056   Code   RO          836    x$fpl$f2d           fz_ws.l(f2d.o)
    0x080056a2   0x080056a2   0x00000002   PAD
    0x080056a4   0x080056a4   0x000000c4   Code   RO          838    x$fpl$fadd          fz_ws.l(faddsub_clz.o)
    0x08005768   0x08005768   0x00000018   Code   RO          880    x$fpl$fcmpinf       fz_ws.l(fcmpi.o)
    0x08005780   0x08005780   0x00000184   Code   RO          845    x$fpl$fdiv          fz_ws.l(fdiv.o)
    0x08005904   0x08005904   0x00000068   Code   RO          848    x$fpl$feqf          fz_ws.l(feqf.o)
    0x0800596c   0x0800596c   0x00000036   Code   RO          850    x$fpl$ffix          fz_ws.l(ffix.o)
    0x080059a2   0x080059a2   0x00000002   PAD
    0x080059a4   0x080059a4   0x00000030   Code   RO          855    x$fpl$fflt          fz_ws.l(fflt_clz.o)
    0x080059d4   0x080059d4   0x00000026   Code   RO          854    x$fpl$ffltu         fz_ws.l(fflt_clz.o)
    0x080059fa   0x080059fa   0x00000002   PAD
    0x080059fc   0x080059fc   0x00000068   Code   RO          860    x$fpl$fleqf         fz_ws.l(fleqf.o)
    0x08005a64   0x08005a64   0x00000102   Code   RO          862    x$fpl$fmul          fz_ws.l(fmul.o)
    0x08005b66   0x08005b66   0x0000008c   Code   RO          882    x$fpl$fnaninf       fz_ws.l(fnaninf.o)
    0x08005bf2   0x08005bf2   0x0000000a   Code   RO          884    x$fpl$fretinf       fz_ws.l(fretinf.o)
    0x08005bfc   0x08005bfc   0x00000062   Code   RO          864    x$fpl$frleqf        fz_ws.l(frleqf.o)
    0x08005c5e   0x08005c5e   0x00000002   PAD
    0x08005c60   0x08005c60   0x000000ea   Code   RO          840    x$fpl$fsub          fz_ws.l(faddsub_clz.o)
    0x08005d4a   0x08005d4a   0x00000000   Code   RO          886    x$fpl$usenofp       fz_ws.l(usenofp.o)
    0x08005d4a   0x08005d4a   0x00000002   PAD
    0x08005d4c   0x08005d4c   0x000000d0   Data   RO          151    .constdata          bldc.o
    0x08005e1c   0x08005e1c   0x00000011   Data   RO          799    .constdata          c_w.l(__printf_flags_wp.o)
    0x08005e2d   0x08005e2d   0x00000003   PAD
    0x08005e30   0x08005e30   0x00000020   Data   RO         1041    Region$$Table       anon$$obj.o


    Execution Region RW_IRAM1 (Exec base: 0x20000000, Load base: 0x08005e50, Size: 0x000009d0, Max: 0x00002000, ABSOLUTE)

    Exec Addr    Load Addr    Size         Type   Attr      Idx    E Section Name        Object

    0x20000000   0x08005e50   0x00000008   Data   RW            6    .data               main.o
    0x20000008   0x08005e58   0x00000034   Data   RW          152    .data               bldc.o
    0x2000003c   0x08005e8c   0x00000002   Data   RW          191    .data               setup.o
    0x2000003e   0x08005e8e   0x00000002   PAD
    0x20000040   0x08005e90   0x00000010   Data   RW          219    .data               it.o
    0x20000050   0x08005ea0   0x00000002   Data   RW          278    .data               commsbluetooth.o
    0x20000052   0x08005ea2   0x0000000c   Data   RW          333    .data               commsmasterslave.o
    0x2000005e   0x08005eae   0x00000059   Data   RW          361    .data               led.o
    0x200000b7   0x08005f07   0x00000001   PAD
    0x200000b8   0x08005f08   0x00000014   Data   RW          392    .data               pid.o
    0x200000cc   0x08005f1c   0x00000004   Data   RW          748    .data               system_gd32f1x0.o
    0x200000d0        -       0x00000084   Zero   RW          190    .bss                setup.o
    0x20000154        -       0x0000000b   Zero   RW          277    .bss                commsbluetooth.o
    0x2000015f        -       0x0000000a   Zero   RW          332    .bss                commsmasterslave.o
    0x20000169   0x08005f20   0x00000003   PAD
    0x2000016c        -       0x00000060   Zero   RW          915    .bss                c_w.l(libspace.o)
    0x200001cc   0x08005f20   0x00000004   PAD
    0x200001d0        -       0x00000400   Zero   RW          738    HEAP                startup_gd32f1x0.o
    0x200005d0        -       0x00000400   Zero   RW          737    STACK               startup_gd32f1x0.o


==============================================================================

Image component sizes


      Code (inc. data)   RO Data    RW Data    ZI Data      Debug   Object Name

      1098        164        208         52          0       3692   bldc.o
       112          0          0          0          0       1297   comms.o
       800         80          0          2         11       3152   commsbluetooth.o
       828         90          0         12         10       5517   commsmasterslave.o
      1668         22          0          0          0       6917   gd32f1x0_adc.o
      1204          8          0          0          0       5863   gd32f1x0_dma.o
       204         10          0          0          0       1770   gd32f1x0_fwdgt.o
       476         10          0          0          0       3729   gd32f1x0_gpio.o
       292         22          0          0          0       1845   gd32f1x0_misc.o
      2216         90          0          0          0       9340   gd32f1x0_rcu.o
      3370         30          0          0          0      17884   gd32f1x0_timer.o
      1614         12          0          0          0      14153   gd32f1x0_usart.o
       296         26          0         16          0       2972   it.o
      1096         86          0         89          0       5595   led.o
       164         18          0          8          0      89325   main.o
       256         32          0         20          0       1221   pid.o
      1996         72          0          2        132       3602   setup.o
        64         26        360          0       2048        892   startup_gd32f1x0.o
       492         52          0          4          0       2061   system_gd32f1x0.o

    ----------------------------------------------------------------------
     18252        850        600        208       2204     180827   Object Totals
         0          0         32          0          0          0   (incl. Generated)
         6          0          0          3          3          0   (incl. Padding)

    ----------------------------------------------------------------------

      Code (inc. data)   RO Data    RW Data    ZI Data      Debug   Library Member Name

         8          0          0          0          0         68   __main.o
       312          4         17          0          0         92   __printf_flags_wp.o
        14          0          0          0          0         68   __printf_wp.o
         0          0          0          0          0          0   __rtentry.o
        12          0          0          0          0          0   __rtentry2.o
         6          0          0          0          0          0   __rtentry4.o
        52          8          0          0          0          0   __scatter.o
        26          0          0          0          0          0   __scatter_copy.o
        28          0          0          0          0          0   __scatter_zi.o
        48          6          0          0          0         96   _printf_char_common.o
         6          0          0          0          0          0   _printf_d.o
       120         16          0          0          0         92   _printf_dec.o
       178          0          0          0          0         88   _printf_intcommon.o
        78          0          0          0          0        108   _printf_pad.o
         0          0          0          0          0          0   _printf_percent.o
         4          0          0          0          0          0   _printf_percent_end.o
        10          0          0          0          0         68   _sputc.o
        18          0          0          0          0         80   exit.o
         6          0          0          0          0        152   heapauxi.o
         0          0          0          0          0          0   indicate_semi.o
         2          0          0          0          0          0   libinit.o
         2          0          0          0          0          0   libinit2.o
         2          0          0          0          0          0   libshutdown.o
         2          0          0          0          0          0   libshutdown2.o
         8          4          0          0         96         68   libspace.o
        40          6          0          0          0         84   noretval__2sprintf.o
       100          0          0          0          0         80   rt_memcpy_w.o
         2          0          0          0          0          0   rtexit.o
        10          0          0          0          0          0   rtexit2.o
        12          4          0          0          0         68   sys_exit.o
        74          0          0          0          0         80   sys_stackheap_outer.o
         2          0          0          0          0         68   use_no_semi.o
        98          4          0          0          0         92   d2f.o
       804         16          0          0          0        272   daddsub_clz.o
        24          0          0          0          0         68   dcmpi.o
       688        140          0          0          0        208   ddiv.o
        46          0          0          0          0         68   dflt_clz.o
       120          4          0          0          0         92   dleqf.o
       340         12          0          0          0        104   dmul.o
       156          4          0          0          0         92   dnaninf.o
        12          0          0          0          0         68   dretinf.o
        86          4          0          0          0         84   f2d.o
       430          8          0          0          0        168   faddsub_clz.o
        24          0          0          0          0         68   fcmpi.o
       388         76          0          0          0         96   fdiv.o
       104          4          0          0          0         84   feqf.o
        54          4          0          0          0         84   ffix.o
        86          0          0          0          0        136   fflt_clz.o
       104          4          0          0          0         84   fleqf.o
       258          4          0          0          0         84   fmul.o
       140          4          0          0          0         84   fnaninf.o
        10          0          0          0          0         68   fretinf.o
        98          0          0          0          0         68   frleqf.o
         0          0          0          0          0          0   usenofp.o

    ----------------------------------------------------------------------
      5272        336         20          0        100       3532   Library Totals
        20          0          3          0          4          0   (incl. Padding)

    ----------------------------------------------------------------------

      Code (inc. data)   RO Data    RW Data    ZI Data      Debug   Library Name

      1182         48         17          0         96       1360   c_w.l
      4070        288          0          0          0       2172   fz_ws.l

    ----------------------------------------------------------------------
      5272        336         20          0        100       3532   Library Totals

    ----------------------------------------------------------------------

==============================================================================


      Code (inc. data)   RO Data    RW Data    ZI Data      Debug   

     23524       1186        620        208       2304     180455   Grand Totals
     23524       1186        620        208       2304     180455   ELF Image Totals
     23524       1186        620        208          0          0   ROM Totals

==============================================================================

    Total RO  Size (Code + RO Data)                24144 (  23.58kB)
    Total RW  Size (RW Data + ZI Data)              2512 (   2.45kB)
    Total ROM Size (Code + RO Data + RW Data)      24352 (  23.78kB)

==============================================================================

